Archive member included to satisfy reference by file (symbol)

/opt/devkitpro/libctru/lib/libcitro3d.a(base.o)
                              main.o (C3D_Init)
/opt/devkitpro/libctru/lib/libcitro3d.a(renderqueue.o)
                              /opt/devkitpro/libctru/lib/libcitro3d.a(base.o) (C3Di_RenderQueueEnableVBlank)
/opt/devkitpro/libctru/lib/libcitro3d.a(texture.o)
                              main.o (C3D_TexBind)
/opt/devkitpro/libctru/lib/libcitro3d.a(tex3ds.o)
                              main.o (Tex3DS_TextureImportStdio)
/opt/devkitpro/libctru/lib/libcitro3d.a(framebuffer.o)
                              /opt/devkitpro/libctru/lib/libcitro3d.a(renderqueue.o) (C3D_CalcColorBufSize)
/opt/devkitpro/libctru/lib/libcitro3d.a(texenv.o)
                              main.o (C3D_GetTexEnv)
/opt/devkitpro/libctru/lib/libcitro3d.a(buffers.o)
                              main.o (BufInfo_Init)
/opt/devkitpro/libctru/lib/libcitro3d.a(drawArrays.o)
                              main.o (C3D_DrawArrays)
/opt/devkitpro/libctru/lib/libcitro3d.a(effect.o)
                              /opt/devkitpro/libctru/lib/libcitro3d.a(base.o) (C3D_DepthMap)
/opt/devkitpro/libctru/lib/libcitro3d.a(attribs.o)
                              main.o (AttrInfo_Init)
/opt/devkitpro/libctru/lib/libcitro3d.a(immediate.o)
                              /opt/devkitpro/libctru/lib/libcitro3d.a(base.o) (C3D_ImmSendAttrib)
/opt/devkitpro/libctru/lib/libcitro3d.a(uniforms.o)
                              /opt/devkitpro/libctru/lib/libcitro3d.a(base.o) (C3D_UpdateUniforms)
/opt/devkitpro/libctru/lib/libcitro3d.a(mtx_rotatex.o)
                              main.o (Mtx_RotateX)
/opt/devkitpro/libctru/lib/libcitro3d.a(mtx_persptilt.o)
                              main.o (Mtx_PerspTilt)
/opt/devkitpro/libctru/lib/libcitro3d.a(mtx_translate.o)
                              main.o (Mtx_Translate)
/opt/devkitpro/libctru/lib/libcitro3d.a(mtx_rotatez.o)
                              main.o (Mtx_RotateZ)
/opt/devkitpro/libctru/lib/libctru.a(vram.o)
                              /opt/devkitpro/libctru/lib/libcitro3d.a(renderqueue.o) (vramAlloc)
/opt/devkitpro/libctru/lib/libctru.a(linear.o)
                              main.o (linearAlloc)
/opt/devkitpro/libctru/lib/libctru.a(mem_pool.o)
                              /opt/devkitpro/libctru/lib/libctru.a(vram.o) (MemPool::Allocate(MemChunk&, unsigned long, int))
/opt/devkitpro/libctru/lib/libctru.a(romfs_dev.o)
                              main.o (romfsMountSelf)
/opt/devkitpro/libctru/lib/libctru.a(os.o)
                              /opt/devkitpro/libctru/lib/libcitro3d.a(texture.o) (osConvertVirtToPhys)
/opt/devkitpro/libctru/lib/libctru.a(path_buf.o)
                              /opt/devkitpro/libctru/lib/libctru.a(romfs_dev.o) (__ctru_dev_utf16_buf)
/opt/devkitpro/libctru/lib/libctru.a(gfx.o)
                              main.o (gfxInitDefault)
/opt/devkitpro/libctru/lib/libctru.a(shaderProgram.o)
                              main.o (shaderInstanceGetUniformLocation)
/opt/devkitpro/libctru/lib/libctru.a(shbin.o)
                              main.o (DVLB_ParseFile)
/opt/devkitpro/libctru/lib/libctru.a(gx.o)
                              /opt/devkitpro/libctru/lib/libcitro3d.a(renderqueue.o) (GX_BindQueue)
/opt/devkitpro/libctru/lib/libctru.a(gxqueue.o)
                              /opt/devkitpro/libctru/lib/libcitro3d.a(renderqueue.o) (gxCmdQueueClear)
/opt/devkitpro/libctru/lib/libctru.a(gpu.o)
                              /opt/devkitpro/libctru/lib/libcitro3d.a(base.o) (gpuCmdBufOffset)
/opt/devkitpro/libctru/lib/libctru.a(gspgpu.o)
                              /opt/devkitpro/libctru/lib/libctru.a(gfx.o) (gspInit)
/opt/devkitpro/libctru/lib/libctru.a(apt.o)
                              /opt/devkitpro/libctru/lib/libcitro3d.a(base.o) (aptHook)
/opt/devkitpro/libctru/lib/libctru.a(hid.o)
                              main.o (hidScanInput)
/opt/devkitpro/libctru/lib/libctru.a(ptmsysm.o)
                              /opt/devkitpro/libctru/lib/libctru.a(os.o) (ptmSysmInit)
/opt/devkitpro/libctru/lib/libctru.a(fs.o)
                              /opt/devkitpro/libctru/lib/libctru.a(romfs_dev.o) (FSUSER_OpenFileDirectly)
/opt/devkitpro/libctru/lib/libctru.a(decompress.o)
                              /opt/devkitpro/libctru/lib/libcitro3d.a(tex3ds.o) (decompressCallback_FD)
/opt/devkitpro/libctru/lib/libctru.a(rbtree_init.o)
                              /opt/devkitpro/libctru/lib/libctru.a(vram.o) (rbtree_init)
/opt/devkitpro/libctru/lib/libctru.a(rbtree_insert.o)
                              /opt/devkitpro/libctru/lib/libctru.a(vram.o) (rbtree_insert)
/opt/devkitpro/libctru/lib/libctru.a(rbtree_rotate.o)
                              /opt/devkitpro/libctru/lib/libctru.a(rbtree_insert.o) (rbtree_rotate)
/opt/devkitpro/libctru/lib/libctru.a(rbtree_remove.o)
                              /opt/devkitpro/libctru/lib/libctru.a(vram.o) (rbtree_remove)
[...]
Memory Configuration

Name             Origin             Length             Attributes
*default*        0x0000000000000000 0xffffffffffffffff

Linker script and memory map

                0x0000000000100000                PROVIDE (__start__ = 0x100000)
                0x0000000000100000                . = __start__

.text           0x0000000000100000    0x16c38
 *(.crt0)
 .crt0          0x0000000000100000       0x94 /opt/devkitpro/devkitARM/bin/../lib/gcc/arm-none-eabi/12.2.0/../../../../arm-none-eabi/lib/armv6k/fpu/3dsx_crt0.o
                0x0000000000100000                _start
                0x0000000000100008                __service_ptr
                0x000000000010000c                __apt_appid
                0x0000000000100010                __heap_size
                0x0000000000100014                __linear_heap_size
                0x0000000000100018                __system_arglist
                0x000000000010001c                __system_runflags
 *(.init)
 .init          0x0000000000100094        0xc /opt/devkitpro/devkitARM/bin/../lib/gcc/arm-none-eabi/12.2.0/armv6k/fpu/crti.o
                0x0000000000100094                _init
 .init          0x00000000001000a0        0xc /opt/devkitpro/devkitARM/bin/../lib/gcc/arm-none-eabi/12.2.0/armv6k/fpu/crtn.o
                0x00000000001000ac                . = ALIGN (0x4)
 *(.text)
 .text          0x00000000001000ac      0x20c /opt/devkitpro/devkitARM/bin/../lib/gcc/arm-none-eabi/12.2.0/armv6k/fpu/libgcc.a(_udivsi3.o)
                0x00000000001000ac                __udivsi3
                0x00000000001000ac                __aeabi_uidiv
                0x0000000000100298                __aeabi_uidivmod
 .text          0x00000000001002b8        0x4 /opt/devkitpro/devkitARM/bin/../lib/gcc/arm-none-eabi/12.2.0/armv6k/fpu/libgcc.a(_dvmd_tls.o)
                0x00000000001002b8                __aeabi_ldiv0
                0x00000000001002b8                __aeabi_idiv0
 .text          0x00000000001002bc      0x3c0 /opt/devkitpro/devkitARM/bin/../lib/gcc/arm-none-eabi/12.2.0/armv6k/fpu/libgcc.a(_arm_addsubdf3.o)
                0x00000000001002bc                __aeabi_drsub
                0x00000000001002c4                __subdf3
                0x00000000001002c4                __aeabi_dsub
                0x00000000001002c8                __aeabi_dadd
                0x00000000001002c8                __adddf3
                0x0000000000100574                __aeabi_ui2d
                0x0000000000100574                __floatunsidf
                0x0000000000100598                __floatsidf
                0x0000000000100598                __aeabi_i2d
                0x00000000001005c0                __extendsfdf2
                0x00000000001005c0                __aeabi_f2d
                0x0000000000100608                __aeabi_ul2d
                0x0000000000100608                __floatundidf
                0x000000000010061c                __aeabi_l2d
                0x000000000010061c                __floatdidf
 .text          0x000000000010067c       0xd4 /opt/devkitpro/devkitARM/bin/../lib/gcc/arm-none-eabi/12.2.0/armv6k/fpu/libgcc.a(_aeabi_ldivmod.o)
                0x000000000010067c                __aeabi_ldivmod
 *fill*         0x0000000000100750       0x10 
 .text          0x0000000000100760      0x390 /opt/devkitpro/devkitARM/bin/../lib/gcc/arm-none-eabi/12.2.0/../../../../arm-none-eabi/lib/armv6k/fpu/libg.a(lib_a-strcmp.o)
                0x0000000000100768                strcmp
 *(.text.*)
 .text.__do_global_dtors_aux
                0x0000000000100af0       0x40 /opt/devkitpro/devkitARM/bin/../lib/gcc/arm-none-eabi/12.2.0/armv6k/fpu/crtbegin.o
 .text.frame_dummy
                0x0000000000100b30       0x2c /opt/devkitpro/devkitARM/bin/../lib/gcc/arm-none-eabi/12.2.0/armv6k/fpu/crtbegin.o
 *fill*         0x0000000000100b5c        0x4 
 .text.startup.main
                0x0000000000100b60      0x53c main.o
                0x0000000000100b60                main
 .text.C3Di_LightEnvUpdate
                0x000000000010109c        0x4 /opt/devkitpro/libctru/lib/libcitro3d.a(base.o)
                0x000000000010109c                C3Di_LightEnvUpdate
 .text.C3Di_LightEnvDirty
                0x00000000001010a0        0x4 /opt/devkitpro/libctru/lib/libcitro3d.a(base.o)
                0x00000000001010a0                C3Di_LightEnvDirty
 .text.C3Di_ProcTexUpdate
                0x00000000001010a4        0x4 /opt/devkitpro/libctru/lib/libcitro3d.a(base.o)
                0x00000000001010a4                C3Di_ProcTexUpdate
 .text.C3Di_ProcTexDirty
                0x00000000001010a8        0x4 /opt/devkitpro/libctru/lib/libcitro3d.a(base.o)
                0x00000000001010a8                C3Di_ProcTexDirty
 .text.C3Di_AptEventHook
                0x00000000001010ac       0xb4 /opt/devkitpro/libctru/lib/libcitro3d.a(base.o)
 .text.C3Di_GasUpdate
                0x0000000000101160        0x4 /opt/devkitpro/libctru/lib/libcitro3d.a(base.o)
                0x0000000000101160                C3Di_GasUpdate
 .text.C3D_Init
                0x0000000000101164      0x1e0 /opt/devkitpro/libctru/lib/libcitro3d.a(base.o)
                0x0000000000101164                C3D_Init
 .text.C3D_SetViewport
                0x0000000000101344       0x98 /opt/devkitpro/libctru/lib/libcitro3d.a(base.o)
                0x0000000000101344                C3D_SetViewport
 .text.C3Di_UpdateContext
                0x00000000001013dc      0x4e8 /opt/devkitpro/libctru/lib/libcitro3d.a(base.o)
                0x00000000001013dc                C3Di_UpdateContext
 .text.C3Di_SplitFrame
                0x00000000001018c4       0xe0 /opt/devkitpro/libctru/lib/libcitro3d.a(base.o)
                0x00000000001018c4                C3Di_SplitFrame
 .text.C3D_Fini
                0x00000000001019a4       0x44 /opt/devkitpro/libctru/lib/libcitro3d.a(base.o)
                0x00000000001019a4                C3D_Fini
 .text.C3D_BindProgram
                0x00000000001019e8      0x114 /opt/devkitpro/libctru/lib/libcitro3d.a(base.o)
                0x00000000001019e8                C3D_BindProgram
 .text.onVBlank0
                0x0000000000101afc       0x4c /opt/devkitpro/libctru/lib/libcitro3d.a(renderqueue.o)
 .text.onVBlank1
                0x0000000000101b48       0x4c /opt/devkitpro/libctru/lib/libcitro3d.a(renderqueue.o)
 .text.C3Di_RenderTargetDestroy
                0x0000000000101b94       0x80 /opt/devkitpro/libctru/lib/libcitro3d.a(renderqueue.o)
 .text.onQueueFinish
                0x0000000000101c14       0xf4 /opt/devkitpro/libctru/lib/libcitro3d.a(renderqueue.o)
 .text.C3Di_RenderQueueEnableVBlank
                0x0000000000101d08       0x38 /opt/devkitpro/libctru/lib/libcitro3d.a(renderqueue.o)
                0x0000000000101d08                C3Di_RenderQueueEnableVBlank
 .text.C3Di_RenderQueueDisableVBlank
                0x0000000000101d40       0x30 /opt/devkitpro/libctru/lib/libcitro3d.a(renderqueue.o)
                0x0000000000101d40                C3Di_RenderQueueDisableVBlank
 .text.C3Di_RenderQueueInit
                0x0000000000101d70       0x60 /opt/devkitpro/libctru/lib/libcitro3d.a(renderqueue.o)
                0x0000000000101d70                C3Di_RenderQueueInit
 .text.C3Di_RenderQueueExit
                0x0000000000101dd0       0xb0 /opt/devkitpro/libctru/lib/libcitro3d.a(renderqueue.o)
                0x0000000000101dd0                C3Di_RenderQueueExit
 .text.C3Di_RenderQueueWaitDone
                0x0000000000101e80       0x34 /opt/devkitpro/libctru/lib/libcitro3d.a(renderqueue.o)
                0x0000000000101e80                C3Di_RenderQueueWaitDone
 .text.C3D_FrameBegin
                0x0000000000101eb4       0xe4 /opt/devkitpro/libctru/lib/libcitro3d.a(renderqueue.o)
                0x0000000000101eb4                C3D_FrameBegin
 .text.C3D_FrameDrawOn
                0x0000000000101f98       0x48 /opt/devkitpro/libctru/lib/libcitro3d.a(renderqueue.o)
                0x0000000000101f98                C3D_FrameDrawOn
 .text.C3D_FrameEnd
                0x0000000000101fe0      0x1d8 /opt/devkitpro/libctru/lib/libcitro3d.a(renderqueue.o)
                0x0000000000101fe0                C3D_FrameEnd
 .text.C3D_RenderTargetCreate
                0x00000000001021b8      0x184 /opt/devkitpro/libctru/lib/libcitro3d.a(renderqueue.o)
                0x00000000001021b8                C3D_RenderTargetCreate
 .text.C3D_RenderTargetSetOutput
                0x000000000010233c       0xa8 /opt/devkitpro/libctru/lib/libcitro3d.a(renderqueue.o)
                0x000000000010233c                C3D_RenderTargetSetOutput
 .text.C3D_SyncTextureCopy
                0x00000000001023e4       0xfc /opt/devkitpro/libctru/lib/libcitro3d.a(renderqueue.o)
                0x00000000001023e4                C3D_SyncTextureCopy
 .text.C3D_TexInitWithParams
                0x00000000001024e0      0x294 /opt/devkitpro/libctru/lib/libcitro3d.a(texture.o)
                0x00000000001024e0                C3D_TexInitWithParams
 .text.C3D_TexLoadImage
                0x0000000000102774       0xc8 /opt/devkitpro/libctru/lib/libcitro3d.a(texture.o)
                0x0000000000102774                C3D_TexLoadImage
 .text.C3D_TexBind
                0x000000000010283c       0x44 /opt/devkitpro/libctru/lib/libcitro3d.a(texture.o)
                0x000000000010283c                C3D_TexBind
 .text.C3D_TexDelete
                0x0000000000102880       0x74 /opt/devkitpro/libctru/lib/libcitro3d.a(texture.o)
                0x0000000000102880                C3D_TexDelete
 .text.C3Di_SetTex
                0x00000000001028f4      0x16c /opt/devkitpro/libctru/lib/libcitro3d.a(texture.o)
                0x00000000001028f4                C3Di_SetTex
 .text.Tex3DSi_ImportCommon
                0x0000000000102a60      0x3f4 /opt/devkitpro/libctru/lib/libcitro3d.a(tex3ds.o)
 .text.Tex3DS_TextureImportStdio
                0x0000000000102e54       0x38 /opt/devkitpro/libctru/lib/libcitro3d.a(tex3ds.o)
                0x0000000000102e54                Tex3DS_TextureImportStdio
 .text.Tex3DS_TextureFree
                0x0000000000102e8c        0x4 /opt/devkitpro/libctru/lib/libcitro3d.a(tex3ds.o)
                0x0000000000102e8c                Tex3DS_TextureFree
 .text.C3D_CalcColorBufSize
                0x0000000000102e90       0x1c /opt/devkitpro/libctru/lib/libcitro3d.a(framebuffer.o)
                0x0000000000102e90                C3D_CalcColorBufSize
 .text.C3D_CalcDepthBufSize
                0x0000000000102eac       0x1c /opt/devkitpro/libctru/lib/libcitro3d.a(framebuffer.o)
                0x0000000000102eac                C3D_CalcDepthBufSize
 .text.C3D_SetFrameBuf
                0x0000000000102ec8       0x44 /opt/devkitpro/libctru/lib/libcitro3d.a(framebuffer.o)
                0x0000000000102ec8                C3D_SetFrameBuf
 .text.C3Di_FrameBufBind
                0x0000000000102f0c      0x16c /opt/devkitpro/libctru/lib/libcitro3d.a(framebuffer.o)
                0x0000000000102f0c                C3Di_FrameBufBind
 .text.C3D_FrameBufClear
                0x0000000000103078       0xc8 /opt/devkitpro/libctru/lib/libcitro3d.a(framebuffer.o)
                0x0000000000103078                C3D_FrameBufClear
 .text.C3D_FrameBufTransfer
                0x0000000000103140       0x44 /opt/devkitpro/libctru/lib/libcitro3d.a(framebuffer.o)
                0x0000000000103140                C3D_FrameBufTransfer
 .text.C3D_GetTexEnv
                0x0000000000103184       0x34 /opt/devkitpro/libctru/lib/libcitro3d.a(texenv.o)
                0x0000000000103184                C3D_GetTexEnv
 .text.C3Di_TexEnvBind
                0x00000000001031b8       0x24 /opt/devkitpro/libctru/lib/libcitro3d.a(texenv.o)
                0x00000000001031b8                C3Di_TexEnvBind
 .text.BufInfo_Init
                0x00000000001031dc       0x24 /opt/devkitpro/libctru/lib/libcitro3d.a(buffers.o)
                0x00000000001031dc                BufInfo_Init
 .text.BufInfo_Add
                0x0000000000103200       0x80 /opt/devkitpro/libctru/lib/libcitro3d.a(buffers.o)
                0x0000000000103200                BufInfo_Add
 .text.C3D_GetBufInfo
                0x0000000000103280       0x20 /opt/devkitpro/libctru/lib/libcitro3d.a(buffers.o)
                0x0000000000103280                C3D_GetBufInfo
 .text.C3Di_BufInfoBind
                0x00000000001032a0       0x48 /opt/devkitpro/libctru/lib/libcitro3d.a(buffers.o)
                0x00000000001032a0                C3Di_BufInfoBind
 .text.C3D_DrawArrays
                0x00000000001032e8      0x148 /opt/devkitpro/libctru/lib/libcitro3d.a(drawArrays.o)
                0x00000000001032e8                C3D_DrawArrays
 .text.C3D_DepthMap
                0x0000000000103430       0x40 /opt/devkitpro/libctru/lib/libcitro3d.a(effect.o)
                0x0000000000103430                C3D_DepthMap
 .text.C3D_CullFace
                0x0000000000103470       0x1c /opt/devkitpro/libctru/lib/libcitro3d.a(effect.o)
                0x0000000000103470                C3D_CullFace
 .text.C3D_StencilTest
                0x000000000010348c       0x40 /opt/devkitpro/libctru/lib/libcitro3d.a(effect.o)
                0x000000000010348c                C3D_StencilTest
 .text.C3D_StencilOp
                0x00000000001034cc       0x24 /opt/devkitpro/libctru/lib/libcitro3d.a(effect.o)
                0x00000000001034cc                C3D_StencilOp
 .text.C3D_BlendingColor
                0x00000000001034f0       0x1c /opt/devkitpro/libctru/lib/libcitro3d.a(effect.o)
                0x00000000001034f0                C3D_BlendingColor
 .text.C3D_EarlyDepthTest
                0x000000000010350c       0x24 /opt/devkitpro/libctru/lib/libcitro3d.a(effect.o)
                0x000000000010350c                C3D_EarlyDepthTest
 .text.C3D_DepthTest
                0x0000000000103530       0x2c /opt/devkitpro/libctru/lib/libcitro3d.a(effect.o)
                0x0000000000103530                C3D_DepthTest
 .text.C3D_AlphaTest
                0x000000000010355c       0x2c /opt/devkitpro/libctru/lib/libcitro3d.a(effect.o)
                0x000000000010355c                C3D_AlphaTest
 .text.C3D_AlphaBlend
                0x0000000000103588       0x50 /opt/devkitpro/libctru/lib/libcitro3d.a(effect.o)
                0x0000000000103588                C3D_AlphaBlend
 .text.C3D_FragOpMode
                0x00000000001035d8       0x30 /opt/devkitpro/libctru/lib/libcitro3d.a(effect.o)
                0x00000000001035d8                C3D_FragOpMode
 .text.C3D_FragOpShadow
                0x0000000000103608       0x44 /opt/devkitpro/libctru/lib/libcitro3d.a(effect.o)
                0x0000000000103608                C3D_FragOpShadow
 .text.C3Di_EffectBind
                0x000000000010364c      0x1ac /opt/devkitpro/libctru/lib/libcitro3d.a(effect.o)
                0x000000000010364c                C3Di_EffectBind
 .text.AttrInfo_Init
                0x00000000001037f8       0x28 /opt/devkitpro/libctru/lib/libcitro3d.a(attribs.o)
                0x00000000001037f8                AttrInfo_Init
 .text.AttrInfo_AddLoader
                0x0000000000103820       0x94 /opt/devkitpro/libctru/lib/libcitro3d.a(attribs.o)
                0x0000000000103820                AttrInfo_AddLoader
 .text.C3D_GetAttrInfo
                0x00000000001038b4       0x20 /opt/devkitpro/libctru/lib/libcitro3d.a(attribs.o)
                0x00000000001038b4                C3D_GetAttrInfo
 .text.C3Di_AttrInfoBind
                0x00000000001038d4       0x80 /opt/devkitpro/libctru/lib/libcitro3d.a(attribs.o)
                0x00000000001038d4                C3Di_AttrInfoBind
 .text.C3D_ImmSendAttrib
                0x0000000000103954       0xa8 /opt/devkitpro/libctru/lib/libcitro3d.a(immediate.o)
                0x0000000000103954                C3D_ImmSendAttrib
 .text.C3D_UpdateUniforms
                0x00000000001039fc      0x280 /opt/devkitpro/libctru/lib/libcitro3d.a(uniforms.o)
                0x00000000001039fc                C3D_UpdateUniforms
 .text.C3Di_DirtyUniforms
                0x0000000000103c7c       0xc0 /opt/devkitpro/libctru/lib/libcitro3d.a(uniforms.o)
                0x0000000000103c7c                C3Di_DirtyUniforms
 .text.C3Di_LoadShaderUniforms
                0x0000000000103d3c       0xd8 /opt/devkitpro/libctru/lib/libcitro3d.a(uniforms.o)
                0x0000000000103d3c                C3Di_LoadShaderUniforms
 .text.C3Di_ClearShaderUniforms
                0x0000000000103e14       0x28 /opt/devkitpro/libctru/lib/libcitro3d.a(uniforms.o)
                0x0000000000103e14                C3Di_ClearShaderUniforms
 .text.Mtx_RotateX
                0x0000000000103e3c       0xa4 /opt/devkitpro/libctru/lib/libcitro3d.a(mtx_rotatex.o)
                0x0000000000103e3c                Mtx_RotateX
 .text.Mtx_PerspTilt
                0x0000000000103ee0       0x94 /opt/devkitpro/libctru/lib/libcitro3d.a(mtx_persptilt.o)
                0x0000000000103ee0                Mtx_PerspTilt
 .text.Mtx_Translate
                0x0000000000103f74       0xa0 /opt/devkitpro/libctru/lib/libcitro3d.a(mtx_translate.o)
                0x0000000000103f74                Mtx_Translate
 .text.Mtx_RotateZ
                0x0000000000104014       0xa0 /opt/devkitpro/libctru/lib/libcitro3d.a(mtx_rotatez.o)
                0x0000000000104014                Mtx_RotateZ
 .text._ZL21addrMapNodeComparatorPK11rbtree_nodeS1_
                0x00000000001040b4       0x24 /opt/devkitpro/libctru/lib/libctru.a(vram.o)
 .text._ZL21addrMapNodeDestructorP11rbtree_node
                0x00000000001040d8        0x4 /opt/devkitpro/libctru/lib/libctru.a(vram.o)
 .text.vramMemAlignAt
                0x00000000001040dc      0x250 /opt/devkitpro/libctru/lib/libctru.a(vram.o)
                0x00000000001040dc                vramMemAlignAt
 .text.vramAlloc
                0x000000000010432c        0xc /opt/devkitpro/libctru/lib/libctru.a(vram.o)
                0x000000000010432c                vramAlloc
 .text.vramAllocAt
                0x0000000000104338        0xc /opt/devkitpro/libctru/lib/libctru.a(vram.o)
                0x0000000000104338                vramAllocAt
 .text.vramFree
                0x0000000000104344       0x90 /opt/devkitpro/libctru/lib/libctru.a(vram.o)
                0x0000000000104344                vramFree
 .text._ZL21addrMapNodeComparatorPK11rbtree_nodeS1_
                0x00000000001043d4       0x24 /opt/devkitpro/libctru/lib/libctru.a(linear.o)
 .text._ZL21addrMapNodeDestructorP11rbtree_node
                0x00000000001043f8        0x4 /opt/devkitpro/libctru/lib/libctru.a(linear.o)
 .text.linearMemAlign
                0x00000000001043fc      0x120 /opt/devkitpro/libctru/lib/libctru.a(linear.o)
                0x00000000001043fc                linearMemAlign
 .text.linearAlloc
                0x000000000010451c        0x8 /opt/devkitpro/libctru/lib/libctru.a(linear.o)
                0x000000000010451c                linearAlloc
 .text.linearFree
                0x0000000000104524       0x5c /opt/devkitpro/libctru/lib/libctru.a(linear.o)
                0x0000000000104524                linearFree
 .text._ZN7MemPool13CoalesceRightEP8MemBlock
                0x0000000000104580       0x80 /opt/devkitpro/libctru/lib/libctru.a(mem_pool.o)
                0x0000000000104580                MemPool::CoalesceRight(MemBlock*)
 .text._ZN7MemPool8AllocateER8MemChunkmi
                0x0000000000104600      0x16c /opt/devkitpro/libctru/lib/libctru.a(mem_pool.o)
                0x0000000000104600                MemPool::Allocate(MemChunk&, unsigned long, int)
 .text._ZN7MemPool10DeallocateERK8MemChunk
                0x000000000010476c       0xfc /opt/devkitpro/libctru/lib/libctru.a(mem_pool.o)
                0x000000000010476c                MemPool::Deallocate(MemChunk const&)
 .text._ZN7MemPool12GetFreeSpaceEv
                0x0000000000104868       0x30 /opt/devkitpro/libctru/lib/libctru.a(mem_pool.o)
                0x0000000000104868                MemPool::GetFreeSpace()
 .text.romfs_close
                0x0000000000104898        0x8 /opt/devkitpro/libctru/lib/libctru.a(romfs_dev.o)
 .text.romfs_seek
                0x00000000001048a0       0xc0 /opt/devkitpro/libctru/lib/libctru.a(romfs_dev.o)
 .text.romfs_dirreset
                0x0000000000104960       0x24 /opt/devkitpro/libctru/lib/libctru.a(romfs_dev.o)
 .text.fill_dir
                0x0000000000104984       0xc8 /opt/devkitpro/libctru/lib/libctru.a(romfs_dev.o)
 .text.romfs_dirnext
                0x0000000000104a4c      0x28c /opt/devkitpro/libctru/lib/libctru.a(romfs_dev.o)
 .text.romfs_free
                0x0000000000104cd8       0x84 /opt/devkitpro/libctru/lib/libctru.a(romfs_dev.o)
 .text.searchForFile.constprop.0
                0x0000000000104d5c       0xd4 /opt/devkitpro/libctru/lib/libctru.a(romfs_dev.o)
 .text.searchForDir.constprop.0
                0x0000000000104e30       0xd8 /opt/devkitpro/libctru/lib/libctru.a(romfs_dev.o)
 .text.navigateToDir.constprop.0
                0x0000000000104f08      0x1c0 /opt/devkitpro/libctru/lib/libctru.a(romfs_dev.o)
 .text.romfs_open
                0x00000000001050c8      0x10c /opt/devkitpro/libctru/lib/libctru.a(romfs_dev.o)
 .text.romfs_chdir
                0x00000000001051d4       0x4c /opt/devkitpro/libctru/lib/libctru.a(romfs_dev.o)
 .text.romfs_diropen
                0x0000000000105220       0x70 /opt/devkitpro/libctru/lib/libctru.a(romfs_dev.o)
 .text.romfs_stat
                0x0000000000105290      0x174 /opt/devkitpro/libctru/lib/libctru.a(romfs_dev.o)
 .text.romfs_dirclose
                0x0000000000105404        0x8 /opt/devkitpro/libctru/lib/libctru.a(romfs_dev.o)
 *fill*         0x000000000010540c        0x4 
 .text.romfs_fstat
                0x0000000000105410       0x84 /opt/devkitpro/libctru/lib/libctru.a(romfs_dev.o)
 .text.romfs_read
                0x0000000000105494       0xd0 /opt/devkitpro/libctru/lib/libctru.a(romfs_dev.o)
 .text.romfsMountFromFile
                0x0000000000105564      0x28c /opt/devkitpro/libctru/lib/libctru.a(romfs_dev.o)
                0x0000000000105564                romfsMountFromFile
 .text.romfsMountFromCurrentProcess
                0x00000000001057f0       0x98 /opt/devkitpro/libctru/lib/libctru.a(romfs_dev.o)
                0x00000000001057f0                romfsMountFromCurrentProcess
 .text.romfsMountSelf
                0x0000000000105888      0x260 /opt/devkitpro/libctru/lib/libctru.a(romfs_dev.o)
                0x0000000000105888                romfsMountSelf
 .text.romfsUnmount
                0x0000000000105ae8       0xa0 /opt/devkitpro/libctru/lib/libctru.a(romfs_dev.o)
                0x0000000000105ae8                romfsUnmount
 .text.osConvertVirtToPhys
                0x0000000000105b88       0x74 /opt/devkitpro/libctru/lib/libctru.a(os.o)
                0x0000000000105b88                osConvertVirtToPhys
 .text.osGetTimeRef
                0x0000000000105bfc       0x54 /opt/devkitpro/libctru/lib/libctru.a(os.o)
                0x0000000000105bfc                osGetTimeRef
 .text.osGetTime
                0x0000000000105c50       0xec /opt/devkitpro/libctru/lib/libctru.a(os.o)
                0x0000000000105c50                osGetTime
 .text.__ctru_speedup_config
                0x0000000000105d3c       0x34 /opt/devkitpro/libctru/lib/libctru.a(os.o)
                0x0000000000105d3c                __ctru_speedup_config
 .text.gfxPresentFramebuffer
                0x0000000000105d70       0xd0 /opt/devkitpro/libctru/lib/libctru.a(gfx.o)
 .text.gfxSetScreenFormat
                0x0000000000105e40       0xec /opt/devkitpro/libctru/lib/libctru.a(gfx.o)
                0x0000000000105e40                gfxSetScreenFormat
 .text.gfxInit  0x0000000000105f2c       0xe0 /opt/devkitpro/libctru/lib/libctru.a(gfx.o)
                0x0000000000105f2c                gfxInit
 .text.gfxInitDefault
                0x000000000010600c       0x10 /opt/devkitpro/libctru/lib/libctru.a(gfx.o)
                0x000000000010600c                gfxInitDefault
 .text.gfxExit  0x000000000010601c       0xb4 /opt/devkitpro/libctru/lib/libctru.a(gfx.o)
                0x000000000010601c                gfxExit
 .text.gfxGetFramebuffer
                0x00000000001060d0       0xa0 /opt/devkitpro/libctru/lib/libctru.a(gfx.o)
                0x00000000001060d0                gfxGetFramebuffer
 .text.gfxScreenSwapBuffers
                0x0000000000106170       0x30 /opt/devkitpro/libctru/lib/libctru.a(gfx.o)
                0x0000000000106170                gfxScreenSwapBuffers
 .text.shaderInstanceInit
                0x00000000001061a0      0x1d4 /opt/devkitpro/libctru/lib/libctru.a(shaderProgram.o)
                0x00000000001061a0                shaderInstanceInit
 .text.shaderInstanceGetUniformLocation
                0x0000000000106374       0x18 /opt/devkitpro/libctru/lib/libctru.a(shaderProgram.o)
                0x0000000000106374                shaderInstanceGetUniformLocation
 .text.shaderProgramInit
                0x000000000010638c       0x1c /opt/devkitpro/libctru/lib/libctru.a(shaderProgram.o)
                0x000000000010638c                shaderProgramInit
 .text.shaderProgramFree
                0x00000000001063a8       0x64 /opt/devkitpro/libctru/lib/libctru.a(shaderProgram.o)
                0x00000000001063a8                shaderProgramFree
 .text.shaderProgramSetVsh
                0x000000000010640c       0x80 /opt/devkitpro/libctru/lib/libctru.a(shaderProgram.o)
                0x000000000010640c                shaderProgramSetVsh
 .text.shaderProgramConfigure
                0x000000000010648c      0x8e0 /opt/devkitpro/libctru/lib/libctru.a(shaderProgram.o)
                0x000000000010648c                shaderProgramConfigure
 .text.DVLE_GenerateOutmap.part.0
                0x0000000000106d6c      0x1cc /opt/devkitpro/libctru/lib/libctru.a(shbin.o)
 .text.DVLB_ParseFile
                0x0000000000106f38      0x1b4 /opt/devkitpro/libctru/lib/libctru.a(shbin.o)
                0x0000000000106f38                DVLB_ParseFile
 .text.DVLB_Free
                0x00000000001070ec       0x38 /opt/devkitpro/libctru/lib/libctru.a(shbin.o)
                0x00000000001070ec                DVLB_Free
 .text.DVLE_GetUniformRegister
                0x0000000000107124       0x74 /opt/devkitpro/libctru/lib/libctru.a(shbin.o)
                0x0000000000107124                DVLE_GetUniformRegister
 .text.GX_BindQueue
                0x0000000000107198       0x10 /opt/devkitpro/libctru/lib/libctru.a(gx.o)
                0x0000000000107198                GX_BindQueue
 .text.GX_ProcessCommandList
                0x00000000001071a8       0x78 /opt/devkitpro/libctru/lib/libctru.a(gx.o)
                0x00000000001071a8                GX_ProcessCommandList
 .text.GX_MemoryFill
                0x0000000000107220       0x74 /opt/devkitpro/libctru/lib/libctru.a(gx.o)
                0x0000000000107220                GX_MemoryFill
 .text.GX_DisplayTransfer
                0x0000000000107294       0x70 /opt/devkitpro/libctru/lib/libctru.a(gx.o)
                0x0000000000107294                GX_DisplayTransfer
 .text.GX_TextureCopy
                0x0000000000107304       0x74 /opt/devkitpro/libctru/lib/libctru.a(gx.o)
                0x0000000000107304                GX_TextureCopy
 .text.gxCmdQueueDoCommands.part.0
                0x0000000000107378       0x68 /opt/devkitpro/libctru/lib/libctru.a(gxqueue.o)
 .text.gxCmdQueueInterrupt
                0x00000000001073e0       0xc8 /opt/devkitpro/libctru/lib/libctru.a(gxqueue.o)
                0x00000000001073e0                gxCmdQueueInterrupt
 .text.gxCmdQueueClear
                0x00000000001074a8       0x4c /opt/devkitpro/libctru/lib/libctru.a(gxqueue.o)
                0x00000000001074a8                gxCmdQueueClear
 .text.gxCmdQueueAdd
                0x00000000001074f4       0xf8 /opt/devkitpro/libctru/lib/libctru.a(gxqueue.o)
                0x00000000001074f4                gxCmdQueueAdd
 .text.gxCmdQueueRun
                0x00000000001075ec       0x80 /opt/devkitpro/libctru/lib/libctru.a(gxqueue.o)
                0x00000000001075ec                gxCmdQueueRun
 .text.gxCmdQueueStop
                0x000000000010766c       0x60 /opt/devkitpro/libctru/lib/libctru.a(gxqueue.o)
                0x000000000010766c                gxCmdQueueStop
 .text.gxCmdQueueWait
                0x00000000001076cc       0x74 /opt/devkitpro/libctru/lib/libctru.a(gxqueue.o)
                0x00000000001076cc                gxCmdQueueWait
 .text.GPUCMD_Add
                0x0000000000107740      0x13c /opt/devkitpro/libctru/lib/libctru.a(gpu.o)
                0x0000000000107740                GPUCMD_Add
 .text.GPUCMD_Split
                0x000000000010787c       0xb0 /opt/devkitpro/libctru/lib/libctru.a(gpu.o)
                0x000000000010787c                GPUCMD_Split
 .text.f32tof16
                0x000000000010792c       0x34 /opt/devkitpro/libctru/lib/libctru.a(gpu.o)
                0x000000000010792c                f32tof16
 .text.f32tof24
                0x0000000000107960       0x34 /opt/devkitpro/libctru/lib/libctru.a(gpu.o)
                0x0000000000107960                f32tof24
 .text.f32tof31
                0x0000000000107994       0x38 /opt/devkitpro/libctru/lib/libctru.a(gpu.o)
                0x0000000000107994                f32tof31
 .text.gspHardwareInit
                0x00000000001079cc      0xc58 /opt/devkitpro/libctru/lib/libctru.a(gspgpu.o)
 .text.gspInit  0x0000000000108624      0x248 /opt/devkitpro/libctru/lib/libctru.a(gspgpu.o)
                0x0000000000108624                gspInit
 .text.gspExit  0x000000000010886c       0xf0 /opt/devkitpro/libctru/lib/libctru.a(gspgpu.o)
                0x000000000010886c                gspExit
 .text.gspHasGpuRight
                0x000000000010895c       0x10 /opt/devkitpro/libctru/lib/libctru.a(gspgpu.o)
                0x000000000010895c                gspHasGpuRight
 .text.gspPresentBuffer
                0x000000000010896c       0xa0 /opt/devkitpro/libctru/lib/libctru.a(gspgpu.o)
                0x000000000010896c                gspPresentBuffer
 .text.gspSetEventCallback
                0x0000000000108a0c       0x30 /opt/devkitpro/libctru/lib/libctru.a(gspgpu.o)
                0x0000000000108a0c                gspSetEventCallback
 .text.gspWaitForEvent
                0x0000000000108a3c       0x44 /opt/devkitpro/libctru/lib/libctru.a(gspgpu.o)
                0x0000000000108a3c                gspWaitForEvent
 .text.gspWaitForAnyEvent
                0x0000000000108a80       0x4c /opt/devkitpro/libctru/lib/libctru.a(gspgpu.o)
                0x0000000000108a80                gspWaitForAnyEvent
 .text.gspEventThreadMain
                0x0000000000108acc      0x158 /opt/devkitpro/libctru/lib/libctru.a(gspgpu.o)
 .text.gspSubmitGxCommand
                0x0000000000108c24      0x130 /opt/devkitpro/libctru/lib/libctru.a(gspgpu.o)
                0x0000000000108c24                gspSubmitGxCommand
 .text.GSPGPU_FlushDataCache
                0x0000000000108d54       0x50 /opt/devkitpro/libctru/lib/libctru.a(gspgpu.o)
                0x0000000000108d54                GSPGPU_FlushDataCache
 .text.GSPGPU_SetLcdForceBlack
                0x0000000000108da4       0x34 /opt/devkitpro/libctru/lib/libctru.a(gspgpu.o)
                0x0000000000108da4                GSPGPU_SetLcdForceBlack
 .text.GSPGPU_AcquireRight
                0x0000000000108dd8       0x68 /opt/devkitpro/libctru/lib/libctru.a(gspgpu.o)
                0x0000000000108dd8                GSPGPU_AcquireRight
 .text.GSPGPU_ReleaseRight
                0x0000000000108e40       0x48 /opt/devkitpro/libctru/lib/libctru.a(gspgpu.o)
                0x0000000000108e40                GSPGPU_ReleaseRight
 .text.GSPGPU_ImportDisplayCaptureInfo
                0x0000000000108e88       0x7c /opt/devkitpro/libctru/lib/libctru.a(gspgpu.o)
                0x0000000000108e88                GSPGPU_ImportDisplayCaptureInfo
 .text.GSPGPU_SaveVramSysArea
                0x0000000000108f04       0x2c /opt/devkitpro/libctru/lib/libctru.a(gspgpu.o)
                0x0000000000108f04                GSPGPU_SaveVramSysArea
 .text.GSPGPU_RestoreVramSysArea
                0x0000000000108f30       0x2c /opt/devkitpro/libctru/lib/libctru.a(gspgpu.o)
                0x0000000000108f30                GSPGPU_RestoreVramSysArea
 .text.aptConvertScreenForCapture
                0x0000000000108f5c      0x1a4 /opt/devkitpro/libctru/lib/libctru.a(apt.o)
 .text.aptDspSleep
                0x0000000000109100        0x8 /opt/devkitpro/libctru/lib/libctru.a(apt.o)
                0x0000000000109100                aptDspSleep
 .text.aptDspWakeup
                0x0000000000109108        0x4 /opt/devkitpro/libctru/lib/libctru.a(apt.o)
                0x0000000000109108                aptDspWakeup
 .text.aptDspCancel
                0x000000000010910c        0x4 /opt/devkitpro/libctru/lib/libctru.a(apt.o)
                0x000000000010910c                aptDspCancel
 .text.aptSendCommand
                0x0000000000109110      0x158 /opt/devkitpro/libctru/lib/libctru.a(apt.o)
                0x0000000000109110                aptSendCommand
 .text.aptExitProcess
                0x0000000000109268       0x44 /opt/devkitpro/libctru/lib/libctru.a(apt.o)
 .text.aptExit  0x00000000001092ac      0x2f4 /opt/devkitpro/libctru/lib/libctru.a(apt.o)
                0x00000000001092ac                aptExit
 .text.aptHandleSleep
                0x00000000001095a0       0xe0 /opt/devkitpro/libctru/lib/libctru.a(apt.o)
                0x00000000001095a0                aptHandleSleep
 .text.aptHook  0x0000000000109680       0x30 /opt/devkitpro/libctru/lib/libctru.a(apt.o)
                0x0000000000109680                aptHook
 .text.aptUnhook
                0x00000000001096b0       0x30 /opt/devkitpro/libctru/lib/libctru.a(apt.o)
                0x00000000001096b0                aptUnhook
 .text.APT_SleepIfShellClosed
                0x00000000001096e0       0x84 /opt/devkitpro/libctru/lib/libctru.a(apt.o)
                0x00000000001096e0                APT_SleepIfShellClosed
 .text.aptSetSleepAllowed
                0x0000000000109764       0x84 /opt/devkitpro/libctru/lib/libctru.a(apt.o)
                0x0000000000109764                aptSetSleepAllowed
 .text.APT_UnlockTransition
                0x00000000001097e8       0x84 /opt/devkitpro/libctru/lib/libctru.a(apt.o)
                0x00000000001097e8                APT_UnlockTransition
 *fill*         0x000000000010986c        0x4 
 .text.aptEventHandler
                0x0000000000109870      0x4a4 /opt/devkitpro/libctru/lib/libctru.a(apt.o)
 .text.APT_ReceiveParameter
                0x0000000000109d14       0xb0 /opt/devkitpro/libctru/lib/libctru.a(apt.o)
                0x0000000000109d14                APT_ReceiveParameter
 .text.aptReceiveParameter.constprop.0
                0x0000000000109dc4       0xb0 /opt/devkitpro/libctru/lib/libctru.a(apt.o)
 *fill*         0x0000000000109e74        0x4 
 .text.aptScreenTransfer
                0x0000000000109e78      0x2ac /opt/devkitpro/libctru/lib/libctru.a(apt.o)
 .text.aptWaitForWakeUp.isra.0
                0x000000000010a124      0x344 /opt/devkitpro/libctru/lib/libctru.a(apt.o)
 .text.aptJumpToHomeMenu
                0x000000000010a468      0x100 /opt/devkitpro/libctru/lib/libctru.a(apt.o)
                0x000000000010a468                aptJumpToHomeMenu
 .text.aptMainLoop
                0x000000000010a568       0x48 /opt/devkitpro/libctru/lib/libctru.a(apt.o)
                0x000000000010a568                aptMainLoop
 .text.aptInit  0x000000000010a5b0      0x22c /opt/devkitpro/libctru/lib/libctru.a(apt.o)
                0x000000000010a5b0                aptInit
 .text.APT_CheckNew3DS
                0x000000000010a7dc       0x7c /opt/devkitpro/libctru/lib/libctru.a(apt.o)
                0x000000000010a7dc                APT_CheckNew3DS
 .text.hidShouldUseIrrst
                0x000000000010a858       0x24 /opt/devkitpro/libctru/lib/libctru.a(hid.o)
                0x000000000010a858                hidShouldUseIrrst
 .text.hidInit  0x000000000010a87c      0x18c /opt/devkitpro/libctru/lib/libctru.a(hid.o)
                0x000000000010a87c                hidInit
 .text.hidExit  0x000000000010aa08       0xe8 /opt/devkitpro/libctru/lib/libctru.a(hid.o)
                0x000000000010aa08                hidExit
 .text.hidScanInput
                0x000000000010aaf0      0x2a4 /opt/devkitpro/libctru/lib/libctru.a(hid.o)
                0x000000000010aaf0                hidScanInput
 .text.hidKeysHeld
                0x000000000010ad94       0x10 /opt/devkitpro/libctru/lib/libctru.a(hid.o)
                0x000000000010ad94                hidKeysHeld
 .text.hidKeysDown
                0x000000000010ada4       0x10 /opt/devkitpro/libctru/lib/libctru.a(hid.o)
                0x000000000010ada4                hidKeysDown
 .text.hidCircleRead
                0x000000000010adb4       0x18 /opt/devkitpro/libctru/lib/libctru.a(hid.o)
                0x000000000010adb4                hidCircleRead
 .text.ptmSysmInit
                0x000000000010adcc       0x74 /opt/devkitpro/libctru/lib/libctru.a(ptmsysm.o)
                0x000000000010adcc                ptmSysmInit
 .text.ptmSysmExit
                0x000000000010ae40       0x3c /opt/devkitpro/libctru/lib/libctru.a(ptmsysm.o)
                0x000000000010ae40                ptmSysmExit
 .text.PTMSYSM_ConfigureNew3DSCPU
                0x000000000010ae7c       0x34 /opt/devkitpro/libctru/lib/libctru.a(ptmsysm.o)
                0x000000000010ae7c                PTMSYSM_ConfigureNew3DSCPU
 .text.fsInit   0x000000000010aeb0       0xcc /opt/devkitpro/libctru/lib/libctru.a(fs.o)
                0x000000000010aeb0                fsInit
 .text.fsExit   0x000000000010af7c       0x3c /opt/devkitpro/libctru/lib/libctru.a(fs.o)
                0x000000000010af7c                fsExit
 .text.fsExemptFromSession
                0x000000000010afb8       0x60 /opt/devkitpro/libctru/lib/libctru.a(fs.o)
                0x000000000010afb8                fsExemptFromSession
 .text.fsUnexemptFromSession
                0x000000000010b018       0x50 /opt/devkitpro/libctru/lib/libctru.a(fs.o)
                0x000000000010b018                fsUnexemptFromSession
 .text.FSUSER_OpenFile
                0x000000000010b068       0xcc /opt/devkitpro/libctru/lib/libctru.a(fs.o)
                0x000000000010b068                FSUSER_OpenFile
 .text.FSUSER_OpenFileDirectly
                0x000000000010b134       0xd4 /opt/devkitpro/libctru/lib/libctru.a(fs.o)
                0x000000000010b134                FSUSER_OpenFileDirectly
 .text.FSUSER_DeleteFile
                0x000000000010b208       0xbc /opt/devkitpro/libctru/lib/libctru.a(fs.o)
                0x000000000010b208                FSUSER_DeleteFile
 .text.FSUSER_RenameFile
                0x000000000010b2c4       0xf8 /opt/devkitpro/libctru/lib/libctru.a(fs.o)
                0x000000000010b2c4                FSUSER_RenameFile
 .text.FSUSER_DeleteDirectory
                0x000000000010b3bc       0xbc /opt/devkitpro/libctru/lib/libctru.a(fs.o)
                0x000000000010b3bc                FSUSER_DeleteDirectory
 .text.FSUSER_CreateFile
                0x000000000010b478       0xd4 /opt/devkitpro/libctru/lib/libctru.a(fs.o)
                0x000000000010b478                FSUSER_CreateFile
 .text.FSUSER_CreateDirectory
                0x000000000010b54c       0xc4 /opt/devkitpro/libctru/lib/libctru.a(fs.o)
                0x000000000010b54c                FSUSER_CreateDirectory
 .text.FSUSER_RenameDirectory
                0x000000000010b610       0xf8 /opt/devkitpro/libctru/lib/libctru.a(fs.o)
                0x000000000010b610                FSUSER_RenameDirectory
 .text.FSUSER_OpenDirectory
                0x000000000010b708       0xb4 /opt/devkitpro/libctru/lib/libctru.a(fs.o)
                0x000000000010b708                FSUSER_OpenDirectory
 .text.FSUSER_OpenArchive
                0x000000000010b7bc       0x98 /opt/devkitpro/libctru/lib/libctru.a(fs.o)
                0x000000000010b7bc                FSUSER_OpenArchive
 .text.FSUSER_CloseArchive
                0x000000000010b854       0x8c /opt/devkitpro/libctru/lib/libctru.a(fs.o)
                0x000000000010b854                FSUSER_CloseArchive
 .text.FSUSER_GetSdmcArchiveResource
                0x000000000010b8e0       0x74 /opt/devkitpro/libctru/lib/libctru.a(fs.o)
                0x000000000010b8e0                FSUSER_GetSdmcArchiveResource
 .text.FSUSER_IsSdmcWritable
                0x000000000010b954       0x64 /opt/devkitpro/libctru/lib/libctru.a(fs.o)
                0x000000000010b954                FSUSER_IsSdmcWritable
 .text.FSFILE_Read
                0x000000000010b9b8       0x58 /opt/devkitpro/libctru/lib/libctru.a(fs.o)
                0x000000000010b9b8                FSFILE_Read
 .text.FSFILE_Write
                0x000000000010ba10       0x60 /opt/devkitpro/libctru/lib/libctru.a(fs.o)
                0x000000000010ba10                FSFILE_Write
 .text.FSFILE_GetSize
                0x000000000010ba70       0x3c /opt/devkitpro/libctru/lib/libctru.a(fs.o)
                0x000000000010ba70                FSFILE_GetSize
 .text.FSFILE_SetSize
                0x000000000010baac       0x28 /opt/devkitpro/libctru/lib/libctru.a(fs.o)
                0x000000000010baac                FSFILE_SetSize
 .text.FSFILE_Close
                0x000000000010bad4       0x3c /opt/devkitpro/libctru/lib/libctru.a(fs.o)
                0x000000000010bad4                FSFILE_Close
 .text.FSFILE_Flush
                0x000000000010bb10       0x24 /opt/devkitpro/libctru/lib/libctru.a(fs.o)
                0x000000000010bb10                FSFILE_Flush
 .text.FSDIR_Read
                0x000000000010bb34       0x50 /opt/devkitpro/libctru/lib/libctru.a(fs.o)
                0x000000000010bb34                FSDIR_Read
 .text.FSDIR_Close
                0x000000000010bb84       0x3c /opt/devkitpro/libctru/lib/libctru.a(fs.o)
                0x000000000010bb84                FSDIR_Close
 .text.buffer_read
                0x000000000010bbc0       0xc4 /opt/devkitpro/libctru/lib/libctru.a(decompress.o)
 .text.iov_read
                0x000000000010bc84       0xd0 /opt/devkitpro/libctru/lib/libctru.a(decompress.o)
 .text.iov_memmove
                0x000000000010bd54      0x138 /opt/devkitpro/libctru/lib/libctru.a(decompress.o)
 .text.decompress_rle
                0x000000000010be8c      0x1dc /opt/devkitpro/libctru/lib/libctru.a(decompress.o)
 .text.decompress_lzss
                0x000000000010c068      0x244 /opt/devkitpro/libctru/lib/libctru.a(decompress.o)
 .text.decompress_lz11
                0x000000000010c2ac      0x424 /opt/devkitpro/libctru/lib/libctru.a(decompress.o)
 .text.decompress_huff
                0x000000000010c6d0      0x2d8 /opt/devkitpro/libctru/lib/libctru.a(decompress.o)
 .text.decompressCallback_Stdio
                0x000000000010c9a8       0x10 /opt/devkitpro/libctru/lib/libctru.a(decompress.o)
                0x000000000010c9a8                decompressCallback_Stdio
 .text.decompressHeader
                0x000000000010c9b8       0xdc /opt/devkitpro/libctru/lib/libctru.a(decompress.o)
                0x000000000010c9b8                decompressHeader
 .text.decompressV
                0x000000000010ca94      0x240 /opt/devkitpro/libctru/lib/libctru.a(decompress.o)
                0x000000000010ca94                decompressV
 .text.rbtree_init
                0x000000000010ccd4       0x10 /opt/devkitpro/libctru/lib/libctru.a(rbtree_init.o)
                0x000000000010ccd4                rbtree_init
 .text.do_insert
                0x000000000010cce4      0x1b4 /opt/devkitpro/libctru/lib/libctru.a(rbtree_insert.o)
 .text.rbtree_insert
                0x000000000010ce98        0x8 /opt/devkitpro/libctru/lib/libctru.a(rbtree_insert.o)
                0x000000000010ce98                rbtree_insert
 .text.rbtree_rotate
                0x000000000010cea0       0x90 /opt/devkitpro/libctru/lib/libctru.a(rbtree_rotate.o)
                0x000000000010cea0                rbtree_rotate
 .text.rbtree_remove
                0x000000000010cf30      0x318 /opt/devkitpro/libctru/lib/libctru.a(rbtree_remove.o)
                0x000000000010cf30                rbtree_remove
 .text.rbtree_find
                0x000000000010d248       0x74 /opt/devkitpro/libctru/lib/libctru.a(rbtree_find.o)
                0x000000000010d248                rbtree_find
 .text.utf16_to_utf8
                0x000000000010d2bc       0xe8 /opt/devkitpro/libctru/lib/libctru.a(utf16_to_utf8.o)
                0x000000000010d2bc                utf16_to_utf8
 .text.decode_utf16
                0x000000000010d3a4       0x64 /opt/devkitpro/libctru/lib/libctru.a(decode_utf16.o)
                0x000000000010d3a4                decode_utf16
 .text.utf8_to_utf16
                0x000000000010d408       0xc0 /opt/devkitpro/libctru/lib/libctru.a(utf8_to_utf16.o)
                0x000000000010d408                utf8_to_utf16
 .text.__system_allocateHeaps
                0x000000000010d4c8      0x1e0 /opt/devkitpro/libctru/lib/libctru.a(allocateHeaps.o)
                0x000000000010d4c8                __system_allocateHeaps
 .text.__libctru_init
                0x000000000010d6a8       0x38 /opt/devkitpro/libctru/lib/libctru.a(ctru_init.o)
                0x000000000010d6a8                __libctru_init
 .text.__system_initArgv
                0x000000000010d6e0      0x170 /opt/devkitpro/libctru/lib/libctru.a(initArgv.o)
                0x000000000010d6e0                __system_initArgv
 .text.svcControlMemory
                0x000000000010d850       0x20 /opt/devkitpro/libctru/lib/libctru.a(svc.o)
                0x000000000010d850                svcControlMemory
 .text.svcQueryMemory
                0x000000000010d870       0x30 /opt/devkitpro/libctru/lib/libctru.a(svc.o)
                0x000000000010d870                svcQueryMemory
 .text.svcExitProcess
                0x000000000010d8a0        0x8 /opt/devkitpro/libctru/lib/libctru.a(svc.o)
                0x000000000010d8a0                svcExitProcess
 .text.svcCreateThread
                0x000000000010d8a8       0x20 /opt/devkitpro/libctru/lib/libctru.a(svc.o)
                0x000000000010d8a8                svcCreateThread
 .text.svcExitThread
                0x000000000010d8c8        0x8 /opt/devkitpro/libctru/lib/libctru.a(svc.o)
                0x000000000010d8c8                svcExitThread
 .text.svcSleepThread
                0x000000000010d8d0        0x8 /opt/devkitpro/libctru/lib/libctru.a(svc.o)
                0x000000000010d8d0                svcSleepThread
 .text.svcReleaseMutex
                0x000000000010d8d8        0x8 /opt/devkitpro/libctru/lib/libctru.a(svc.o)
                0x000000000010d8d8                svcReleaseMutex
 .text.svcCreateEvent
                0x000000000010d8e0       0x14 /opt/devkitpro/libctru/lib/libctru.a(svc.o)
                0x000000000010d8e0                svcCreateEvent
 .text.svcSignalEvent
                0x000000000010d8f4        0x8 /opt/devkitpro/libctru/lib/libctru.a(svc.o)
                0x000000000010d8f4                svcSignalEvent
 .text.svcClearEvent
                0x000000000010d8fc        0x8 /opt/devkitpro/libctru/lib/libctru.a(svc.o)
                0x000000000010d8fc                svcClearEvent
 .text.svcMapMemoryBlock
                0x000000000010d904        0x8 /opt/devkitpro/libctru/lib/libctru.a(svc.o)
                0x000000000010d904                svcMapMemoryBlock
 .text.svcUnmapMemoryBlock
                0x000000000010d90c        0x8 /opt/devkitpro/libctru/lib/libctru.a(svc.o)
                0x000000000010d90c                svcUnmapMemoryBlock
 .text.svcCreateAddressArbiter
                0x000000000010d914       0x14 /opt/devkitpro/libctru/lib/libctru.a(svc.o)
                0x000000000010d914                svcCreateAddressArbiter
 .text.svcArbitrateAddressNoTimeout
                0x000000000010d928        0x8 /opt/devkitpro/libctru/lib/libctru.a(svc.o)
                0x000000000010d928                svcArbitrateAddressNoTimeout
 .text.svcCloseHandle
                0x000000000010d930        0x8 /opt/devkitpro/libctru/lib/libctru.a(svc.o)
                0x000000000010d930                svcCloseHandle
 .text.svcWaitSynchronization
                0x000000000010d938        0x8 /opt/devkitpro/libctru/lib/libctru.a(svc.o)
                0x000000000010d938                svcWaitSynchronization
 .text.svcWaitSynchronizationN
                0x000000000010d940       0x28 /opt/devkitpro/libctru/lib/libctru.a(svc.o)
                0x000000000010d940                svcWaitSynchronizationN
 .text.svcDuplicateHandle
                0x000000000010d968       0x14 /opt/devkitpro/libctru/lib/libctru.a(svc.o)
                0x000000000010d968                svcDuplicateHandle
 .text.svcGetSystemTick
                0x000000000010d97c        0x8 /opt/devkitpro/libctru/lib/libctru.a(svc.o)
                0x000000000010d97c                svcGetSystemTick
 .text.svcConnectToPort
                0x000000000010d984       0x14 /opt/devkitpro/libctru/lib/libctru.a(svc.o)
                0x000000000010d984                svcConnectToPort
 .text.svcSendSyncRequest
                0x000000000010d998        0x8 /opt/devkitpro/libctru/lib/libctru.a(svc.o)
                0x000000000010d998                svcSendSyncRequest
 .text.svcGetResourceLimit
                0x000000000010d9a0       0x14 /opt/devkitpro/libctru/lib/libctru.a(svc.o)
                0x000000000010d9a0                svcGetResourceLimit
 .text.svcGetResourceLimitLimitValues
                0x000000000010d9b4        0x8 /opt/devkitpro/libctru/lib/libctru.a(svc.o)
                0x000000000010d9b4                svcGetResourceLimitLimitValues
 .text.svcGetResourceLimitCurrentValues
                0x000000000010d9bc        0x8 /opt/devkitpro/libctru/lib/libctru.a(svc.o)
                0x000000000010d9bc                svcGetResourceLimitCurrentValues
 .text.svcBreak
                0x000000000010d9c4        0x8 /opt/devkitpro/libctru/lib/libctru.a(svc.o)
                0x000000000010d9c4                svcBreak
 .text.initSystem
                0x000000000010d9cc       0x50 /opt/devkitpro/libctru/lib/libctru.a(stack_adjust.o)
                0x000000000010d9cc                initSystem
 .text.__ctru_exit
                0x000000000010da1c       0x18 /opt/devkitpro/libctru/lib/libctru.a(stack_adjust.o)
                0x000000000010da1c                __ctru_exit
 .text.__aeabi_read_tp
                0x000000000010da34        0xc /opt/devkitpro/libctru/lib/libctru.a(readtp.o)
                0x000000000010da34                __aeabi_read_tp
 .text.__sync_init
                0x000000000010da40        0xc /opt/devkitpro/libctru/lib/libctru.a(synchronization.o)
                0x000000000010da40                __sync_init
 .text.__sync_fini
                0x000000000010da4c       0x18 /opt/devkitpro/libctru/lib/libctru.a(synchronization.o)
                0x000000000010da4c                __sync_fini
 .text.syncArbitrateAddress
                0x000000000010da64       0x2c /opt/devkitpro/libctru/lib/libctru.a(synchronization.o)
                0x000000000010da64                syncArbitrateAddress
 .text.LightLock_Lock
                0x000000000010da90       0xb0 /opt/devkitpro/libctru/lib/libctru.a(synchronization.o)
                0x000000000010da90                LightLock_Lock
 .text.LightLock_Unlock
                0x000000000010db40       0x40 /opt/devkitpro/libctru/lib/libctru.a(synchronization.o)
                0x000000000010db40                LightLock_Unlock
 .text.RecursiveLock_Init
                0x000000000010db80       0x24 /opt/devkitpro/libctru/lib/libctru.a(synchronization.o)
                0x000000000010db80                RecursiveLock_Init
 .text.RecursiveLock_Lock
                0x000000000010dba4       0x30 /opt/devkitpro/libctru/lib/libctru.a(synchronization.o)
                0x000000000010dba4                RecursiveLock_Lock
 .text.RecursiveLock_Unlock
                0x000000000010dbd4       0x54 /opt/devkitpro/libctru/lib/libctru.a(synchronization.o)
                0x000000000010dbd4                RecursiveLock_Unlock
 .text.LightEvent_Init
                0x000000000010dc28       0x40 /opt/devkitpro/libctru/lib/libctru.a(synchronization.o)
                0x000000000010dc28                LightEvent_Init
 .text.LightEvent_Clear
                0x000000000010dc68       0xa4 /opt/devkitpro/libctru/lib/libctru.a(synchronization.o)
                0x000000000010dc68                LightEvent_Clear
 .text.LightEvent_Signal
                0x000000000010dd0c       0xc8 /opt/devkitpro/libctru/lib/libctru.a(synchronization.o)
                0x000000000010dd0c                LightEvent_Signal
 .text.LightEvent_TryWait
                0x000000000010ddd4       0x50 /opt/devkitpro/libctru/lib/libctru.a(synchronization.o)
                0x000000000010ddd4                LightEvent_TryWait
 .text.LightEvent_Wait
                0x000000000010de24       0xb0 /opt/devkitpro/libctru/lib/libctru.a(synchronization.o)
                0x000000000010de24                LightEvent_Wait
 .text.envGetHandle
                0x000000000010ded4       0x84 /opt/devkitpro/libctru/lib/libctru.a(env.o)
                0x000000000010ded4                envGetHandle
 .text.envDestroyHandles
                0x000000000010df58       0x50 /opt/devkitpro/libctru/lib/libctru.a(env.o)
                0x000000000010df58                envDestroyHandles
 .text.srvInit  0x000000000010dfa8      0x130 /opt/devkitpro/libctru/lib/libctru.a(srv.o)
                0x000000000010dfa8                srvInit
 .text.srvExit  0x000000000010e0d8       0x58 /opt/devkitpro/libctru/lib/libctru.a(srv.o)
                0x000000000010e0d8                srvExit
 .text.srvGetServiceHandleDirect
                0x000000000010e130       0xa0 /opt/devkitpro/libctru/lib/libctru.a(srv.o)
                0x000000000010e130                srvGetServiceHandleDirect
 .text.srvGetServiceHandle
                0x000000000010e1d0       0x38 /opt/devkitpro/libctru/lib/libctru.a(srv.o)
                0x000000000010e1d0                srvGetServiceHandle
 .text.srvPublishToSubscriber
                0x000000000010e208       0x38 /opt/devkitpro/libctru/lib/libctru.a(srv.o)
                0x000000000010e208                srvPublishToSubscriber
 .text.threadCreate
                0x000000000010e240      0x178 /opt/devkitpro/libctru/lib/libctru.a(thread.o)
                0x000000000010e240                threadCreate
 .text.threadFree
                0x000000000010e3b8       0x2c /opt/devkitpro/libctru/lib/libctru.a(thread.o)
                0x000000000010e3b8                threadFree
 .text.threadJoin
                0x000000000010e3e4       0x24 /opt/devkitpro/libctru/lib/libctru.a(thread.o)
                0x000000000010e3e4                threadJoin
 .text.threadGetCurrent
                0x000000000010e408       0x30 /opt/devkitpro/libctru/lib/libctru.a(thread.o)
                0x000000000010e408                threadGetCurrent
 .text.threadExit
                0x000000000010e438       0x40 /opt/devkitpro/libctru/lib/libctru.a(thread.o)
                0x000000000010e438                threadExit
 .text._thread_begin
                0x000000000010e478       0x20 /opt/devkitpro/libctru/lib/libctru.a(thread.o)
 .text.mappableFindAddressWithin
                0x000000000010e498       0xb4 /opt/devkitpro/libctru/lib/libctru.a(mappable.o)
 .text.mappableInit
                0x000000000010e54c       0x28 /opt/devkitpro/libctru/lib/libctru.a(mappable.o)
                0x000000000010e54c                mappableInit
 .text.mappableAlloc
                0x000000000010e574       0x80 /opt/devkitpro/libctru/lib/libctru.a(mappable.o)
                0x000000000010e574                mappableAlloc
 .text.mappableFree
                0x000000000010e5f4        0x4 /opt/devkitpro/libctru/lib/libctru.a(mappable.o)
                0x000000000010e5f4                mappableFree
 .text.irrstInit
                0x000000000010e5f8      0x164 /opt/devkitpro/libctru/lib/libctru.a(irrst.o)
                0x000000000010e5f8                irrstInit
 .text.irrstExit
                0x000000000010e75c       0xcc /opt/devkitpro/libctru/lib/libctru.a(irrst.o)
                0x000000000010e75c                irrstExit
 .text.irrstScanInput
                0x000000000010e828       0xb4 /opt/devkitpro/libctru/lib/libctru.a(irrst.o)
                0x000000000010e828                irrstScanInput
 .text.irrstKeysHeld
                0x000000000010e8dc       0x24 /opt/devkitpro/libctru/lib/libctru.a(irrst.o)
                0x000000000010e8dc                irrstKeysHeld
 .text.srvPmGetSessionHandle
                0x000000000010e900        0xc /opt/devkitpro/libctru/lib/libctru.a(srvpm.o)
                0x000000000010e900                srvPmGetSessionHandle
 .text.rbtree_node_next
                0x000000000010e90c       0x5c /opt/devkitpro/libctru/lib/libctru.a(rbtree_iterator.o)
                0x000000000010e90c                rbtree_node_next
 .text.encode_utf16
                0x000000000010e968       0x54 /opt/devkitpro/libctru/lib/libctru.a(encode_utf16.o)
                0x000000000010e968                encode_utf16
 .text.encode_utf8
                0x000000000010e9bc       0xe0 /opt/devkitpro/libctru/lib/libctru.a(encode_utf8.o)
                0x000000000010e9bc                encode_utf8
 .text.decode_utf8
                0x000000000010ea9c      0x13c /opt/devkitpro/libctru/lib/libctru.a(decode_utf8.o)
                0x000000000010ea9c                decode_utf8
 .text.__appInit
                0x000000000010ebd8       0x30 /opt/devkitpro/libctru/lib/libctru.a(appInit.o)
                0x000000000010ebd8                __appInit
 .text.__syscall_getreent
                0x000000000010ec08       0x30 /opt/devkitpro/libctru/lib/libctru.a(syscalls.o)
                0x000000000010ec08                __syscall_getreent
 .text.__syscall_gettod_r
                0x000000000010ec38       0x74 /opt/devkitpro/libctru/lib/libctru.a(syscalls.o)
                0x000000000010ec38                __syscall_gettod_r
 .text.__syscall_lock_acquire
                0x000000000010ecac        0x4 /opt/devkitpro/libctru/lib/libctru.a(syscalls.o)
                0x000000000010ecac                __syscall_lock_acquire
 .text.__syscall_lock_release
                0x000000000010ecb0        0x4 /opt/devkitpro/libctru/lib/libctru.a(syscalls.o)
                0x000000000010ecb0                __syscall_lock_release
 .text.__syscall_lock_init_recursive
                0x000000000010ecb4        0x4 /opt/devkitpro/libctru/lib/libctru.a(syscalls.o)
                0x000000000010ecb4                __syscall_lock_init_recursive
 .text.__syscall_lock_acquire_recursive
                0x000000000010ecb8        0x4 /opt/devkitpro/libctru/lib/libctru.a(syscalls.o)
                0x000000000010ecb8                __syscall_lock_acquire_recursive
 .text.__syscall_lock_release_recursive
                0x000000000010ecbc        0x4 /opt/devkitpro/libctru/lib/libctru.a(syscalls.o)
                0x000000000010ecbc                __syscall_lock_release_recursive
 .text.__syscall_exit
                0x000000000010ecc0        0x4 /opt/devkitpro/libctru/lib/libctru.a(syscalls.o)
                0x000000000010ecc0                __syscall_exit
 .text.initThreadVars
                0x000000000010ecc4       0x50 /opt/devkitpro/libctru/lib/libctru.a(syscalls.o)
                0x000000000010ecc4                initThreadVars
 .text.__system_initSyscalls
                0x000000000010ed14       0x68 /opt/devkitpro/libctru/lib/libctru.a(syscalls.o)
                0x000000000010ed14                __system_initSyscalls
 .text.__appExit
                0x000000000010ed7c       0x30 /opt/devkitpro/libctru/lib/libctru.a(appExit.o)
                0x000000000010ed7c                __appExit
 .text.__libctru_exit
                0x000000000010edac       0x90 /opt/devkitpro/libctru/lib/libctru.a(ctru_exit.o)
                0x000000000010edac                __libctru_exit
 .text.archive_link
                0x000000000010ee3c       0x14 /opt/devkitpro/libctru/lib/libctru.a(archive_dev.o)
 .text.archive_dirreset
                0x000000000010ee50       0x14 /opt/devkitpro/libctru/lib/libctru.a(archive_dev.o)
 .text.archive_chmod
                0x000000000010ee64       0x14 /opt/devkitpro/libctru/lib/libctru.a(archive_dev.o)
 .text.error_cmp
                0x000000000010ee78       0x24 /opt/devkitpro/libctru/lib/libctru.a(archive_dev.o)
 .text.archive_translate_error
                0x000000000010ee9c       0x50 /opt/devkitpro/libctru/lib/libctru.a(archive_dev.o)
 .text.archive_seek
                0x000000000010eeec       0xc8 /opt/devkitpro/libctru/lib/libctru.a(archive_dev.o)
 .text._archiveInit.part.0
                0x000000000010efb4       0x7c /opt/devkitpro/libctru/lib/libctru.a(archive_dev.o)
 .text.archiveFindDevice.part.0
                0x000000000010f030       0xc4 /opt/devkitpro/libctru/lib/libctru.a(archive_dev.o)
 .text.archive_utf16path
                0x000000000010f0f4      0x25c /opt/devkitpro/libctru/lib/libctru.a(archive_dev.o)
 .text._archiveUnmountDeviceStruct.part.0
                0x000000000010f350       0xa0 /opt/devkitpro/libctru/lib/libctru.a(archive_dev.o)
 .text.archive_fchmod
                0x000000000010f3f0       0x14 /opt/devkitpro/libctru/lib/libctru.a(archive_dev.o)
 .text.archive_statvfs
                0x000000000010f404       0x14 /opt/devkitpro/libctru/lib/libctru.a(archive_dev.o)
 .text._archiveMountDevice
                0x000000000010f418      0x164 /opt/devkitpro/libctru/lib/libctru.a(archive_dev.o)
 .text.archive_diropen
                0x000000000010f57c       0xe8 /opt/devkitpro/libctru/lib/libctru.a(archive_dev.o)
 .text.archive_fstat
                0x000000000010f664       0xa4 /opt/devkitpro/libctru/lib/libctru.a(archive_dev.o)
 .text.archive_close
                0x000000000010f708       0x6c /opt/devkitpro/libctru/lib/libctru.a(archive_dev.o)
 .text.archive_fsync
                0x000000000010f774       0x6c /opt/devkitpro/libctru/lib/libctru.a(archive_dev.o)
 .text.archive_dirclose
                0x000000000010f7e0       0x70 /opt/devkitpro/libctru/lib/libctru.a(archive_dev.o)
 .text.sdmc_statvfs
                0x000000000010f850       0xe8 /opt/devkitpro/libctru/lib/libctru.a(archive_dev.o)
 .text.archive_chdir
                0x000000000010f938       0xec /opt/devkitpro/libctru/lib/libctru.a(archive_dev.o)
 .text.archive_ftruncate
                0x000000000010fa24       0x7c /opt/devkitpro/libctru/lib/libctru.a(archive_dev.o)
 .text.archive_read
                0x000000000010faa0       0xac /opt/devkitpro/libctru/lib/libctru.a(archive_dev.o)
 .text.archive_unlink
                0x000000000010fb4c       0xa4 /opt/devkitpro/libctru/lib/libctru.a(archive_dev.o)
 .text.archive_rmdir
                0x000000000010fbf0       0xbc /opt/devkitpro/libctru/lib/libctru.a(archive_dev.o)
 .text.archive_mkdir
                0x000000000010fcac       0xdc /opt/devkitpro/libctru/lib/libctru.a(archive_dev.o)
 .text.archive_stat
                0x000000000010fd88      0x19c /opt/devkitpro/libctru/lib/libctru.a(archive_dev.o)
 .text.archive_dirnext
                0x000000000010ff24      0x15c /opt/devkitpro/libctru/lib/libctru.a(archive_dev.o)
 .text.archive_write
                0x0000000000110080       0xec /opt/devkitpro/libctru/lib/libctru.a(archive_dev.o)
 .text.archive_open
                0x000000000011016c      0x1d4 /opt/devkitpro/libctru/lib/libctru.a(archive_dev.o)
 .text.archive_rename
                0x0000000000110340      0x278 /opt/devkitpro/libctru/lib/libctru.a(archive_dev.o)
 .text.archiveMountSdmc
                0x00000000001105b8      0x19c /opt/devkitpro/libctru/lib/libctru.a(archive_dev.o)
                0x00000000001105b8                archiveMountSdmc
 .text.archiveUnmountAll
                0x0000000000110754       0x54 /opt/devkitpro/libctru/lib/libctru.a(archive_dev.o)
                0x0000000000110754                archiveUnmountAll
 .text.cosf     0x00000000001107a8      0x22c /opt/devkitpro/devkitARM/bin/../lib/gcc/arm-none-eabi/12.2.0/../../../../arm-none-eabi/lib/armv6k/fpu/libm.a(lib_a-cosf.o)
                0x00000000001107a8                cosf
 .text.with_errnof
                0x00000000001109d4       0x24 /opt/devkitpro/devkitARM/bin/../lib/gcc/arm-none-eabi/12.2.0/../../../../arm-none-eabi/lib/armv6k/fpu/libm.a(lib_a-math_errf.o)
 .text.__math_invalidf
                0x00000000001109f8       0x1c /opt/devkitpro/devkitARM/bin/../lib/gcc/arm-none-eabi/12.2.0/../../../../arm-none-eabi/lib/armv6k/fpu/libm.a(lib_a-math_errf.o)
                0x00000000001109f8                __math_invalidf
 *fill*         0x0000000000110a14        0x4 
 .text.cos      0x0000000000110a18       0xc0 /opt/devkitpro/devkitARM/bin/../lib/gcc/arm-none-eabi/12.2.0/../../../../arm-none-eabi/lib/armv6k/fpu/libm.a(lib_a-s_cos.o)
                0x0000000000110a18                cos
 .text.tanf     0x0000000000110ad8       0x70 /opt/devkitpro/devkitARM/bin/../lib/gcc/arm-none-eabi/12.2.0/../../../../arm-none-eabi/lib/armv6k/fpu/libm.a(lib_a-sf_tan.o)
                0x0000000000110ad8                tanf
 .text.sinf     0x0000000000110b48      0x24c /opt/devkitpro/devkitARM/bin/../lib/gcc/arm-none-eabi/12.2.0/../../../../arm-none-eabi/lib/armv6k/fpu/libm.a(lib_a-sinf.o)
                0x0000000000110b48                sinf
 *fill*         0x0000000000110d94        0x4 
 .text.sin      0x0000000000110d98       0xc8 /opt/devkitpro/devkitARM/bin/../lib/gcc/arm-none-eabi/12.2.0/../../../../arm-none-eabi/lib/armv6k/fpu/libm.a(lib_a-s_sin.o)
                0x0000000000110d98                sin
 .text.__ieee754_rem_pio2f
                0x0000000000110e60      0x2c8 /opt/devkitpro/devkitARM/bin/../lib/gcc/arm-none-eabi/12.2.0/../../../../arm-none-eabi/lib/armv6k/fpu/libm.a(lib_a-ef_rem_pio2.o)
                0x0000000000110e60                __ieee754_rem_pio2f
 .text.__ieee754_rem_pio2
                0x0000000000111128      0x308 /opt/devkitpro/devkitARM/bin/../lib/gcc/arm-none-eabi/12.2.0/../../../../arm-none-eabi/lib/armv6k/fpu/libm.a(lib_a-e_rem_pio2.o)
                0x0000000000111128                __ieee754_rem_pio2
 .text.__kernel_cos
                0x0000000000111430      0x158 /opt/devkitpro/devkitARM/bin/../lib/gcc/arm-none-eabi/12.2.0/../../../../arm-none-eabi/lib/armv6k/fpu/libm.a(lib_a-k_cos.o)
                0x0000000000111430                __kernel_cos
 .text.__kernel_rem_pio2f
                0x0000000000111588      0x880 /opt/devkitpro/devkitARM/bin/../lib/gcc/arm-none-eabi/12.2.0/../../../../arm-none-eabi/lib/armv6k/fpu/libm.a(lib_a-kf_rem_pio2.o)
                0x0000000000111588                __kernel_rem_pio2f
 .text.__kernel_tanf
                0x0000000000111e08      0x208 /opt/devkitpro/devkitARM/bin/../lib/gcc/arm-none-eabi/12.2.0/../../../../arm-none-eabi/lib/armv6k/fpu/libm.a(lib_a-kf_tan.o)
                0x0000000000111e08                __kernel_tanf
 .text.__kernel_rem_pio2
                0x0000000000112010      0x8c0 /opt/devkitpro/devkitARM/bin/../lib/gcc/arm-none-eabi/12.2.0/../../../../arm-none-eabi/lib/armv6k/fpu/libm.a(lib_a-k_rem_pio2.o)
                0x0000000000112010                __kernel_rem_pio2
 .text.__kernel_sin
                0x00000000001128d0       0xc0 /opt/devkitpro/devkitARM/bin/../lib/gcc/arm-none-eabi/12.2.0/../../../../arm-none-eabi/lib/armv6k/fpu/libm.a(lib_a-k_sin.o)
                0x00000000001128d0                __kernel_sin
 .text.fabs     0x0000000000112990       0x14 /opt/devkitpro/devkitARM/bin/../lib/gcc/arm-none-eabi/12.2.0/../../../../arm-none-eabi/lib/armv6k/fpu/libm.a(lib_a-s_fabs.o)
                0x0000000000112990                fabs
 .text.fabsf    0x00000000001129a4       0x10 /opt/devkitpro/devkitARM/bin/../lib/gcc/arm-none-eabi/12.2.0/../../../../arm-none-eabi/lib/armv6k/fpu/libm.a(lib_a-sf_fabs.o)
                0x00000000001129a4                fabsf
 .text.floorf   0x00000000001129b4       0xc0 /opt/devkitpro/devkitARM/bin/../lib/gcc/arm-none-eabi/12.2.0/../../../../arm-none-eabi/lib/armv6k/fpu/libm.a(lib_a-sf_floor.o)
                0x00000000001129b4                floorf
 *fill*         0x0000000000112a74        0x4 
 .text.floor    0x0000000000112a78      0x144 /opt/devkitpro/devkitARM/bin/../lib/gcc/arm-none-eabi/12.2.0/../../../../arm-none-eabi/lib/armv6k/fpu/libm.a(lib_a-s_floor.o)
                0x0000000000112a78                floor
 .text.scalbnf  0x0000000000112bbc      0x12c /opt/devkitpro/devkitARM/bin/../lib/gcc/arm-none-eabi/12.2.0/../../../../arm-none-eabi/lib/armv6k/fpu/libm.a(lib_a-sf_scalbn.o)
                0x0000000000112bbc                scalbnf
 .text.scalbn   0x0000000000112ce8      0x140 /opt/devkitpro/devkitARM/bin/../lib/gcc/arm-none-eabi/12.2.0/../../../../arm-none-eabi/lib/armv6k/fpu/libm.a(lib_a-s_scalbn.o)
                0x0000000000112ce8                scalbn
 .text.__udivmoddi4
                0x0000000000112e28      0x120 /opt/devkitpro/devkitARM/bin/../lib/gcc/arm-none-eabi/12.2.0/armv6k/fpu/libgcc.a(_udivmoddi4.o)
                0x0000000000112e28                __udivmoddi4
 .text.bsearch  0x0000000000112f48       0x78 /opt/devkitpro/devkitARM/bin/../lib/gcc/arm-none-eabi/12.2.0/../../../../arm-none-eabi/lib/armv6k/fpu/libg.a(lib_a-bsearch.o)
                0x0000000000112f48                bsearch
 .text.calloc   0x0000000000112fc0       0x20 /opt/devkitpro/devkitARM/bin/../lib/gcc/arm-none-eabi/12.2.0/../../../../arm-none-eabi/lib/armv6k/fpu/libg.a(lib_a-calloc.o)
                0x0000000000112fc0                calloc
 .text._calloc_r
                0x0000000000112fe0       0xc0 /opt/devkitpro/devkitARM/bin/../lib/gcc/arm-none-eabi/12.2.0/../../../../arm-none-eabi/lib/armv6k/fpu/libg.a(lib_a-callocr.o)
                0x0000000000112fe0                _calloc_r
 .text.__errno  0x00000000001130a0        0xc /opt/devkitpro/devkitARM/bin/../lib/gcc/arm-none-eabi/12.2.0/../../../../arm-none-eabi/lib/armv6k/fpu/libg.a(lib_a-errno.o)
                0x00000000001130a0                __errno
 .text.exit     0x00000000001130ac       0x34 /opt/devkitpro/devkitARM/bin/../lib/gcc/arm-none-eabi/12.2.0/../../../../arm-none-eabi/lib/armv6k/fpu/libg.a(lib_a-exit.o)
                0x00000000001130ac                exit
 .text._fclose_r
                0x00000000001130e0      0x15c /opt/devkitpro/devkitARM/bin/../lib/gcc/arm-none-eabi/12.2.0/../../../../arm-none-eabi/lib/armv6k/fpu/libg.a(lib_a-fclose.o)
                0x00000000001130e0                _fclose_r
 .text.fclose   0x000000000011323c       0x18 /opt/devkitpro/devkitARM/bin/../lib/gcc/arm-none-eabi/12.2.0/../../../../arm-none-eabi/lib/armv6k/fpu/libg.a(lib_a-fclose.o)
                0x000000000011323c                fclose
 .text.__sflush_r
                0x0000000000113254      0x234 /opt/devkitpro/devkitARM/bin/../lib/gcc/arm-none-eabi/12.2.0/../../../../arm-none-eabi/lib/armv6k/fpu/libg.a(lib_a-fflush.o)
                0x0000000000113254                __sflush_r
 .text._fflush_r
                0x0000000000113488       0x94 /opt/devkitpro/devkitARM/bin/../lib/gcc/arm-none-eabi/12.2.0/../../../../arm-none-eabi/lib/armv6k/fpu/libg.a(lib_a-fflush.o)
                0x0000000000113488                _fflush_r
 .text.fflush   0x000000000011351c       0x38 /opt/devkitpro/devkitARM/bin/../lib/gcc/arm-none-eabi/12.2.0/../../../../arm-none-eabi/lib/armv6k/fpu/libg.a(lib_a-fflush.o)
                0x000000000011351c                fflush
 .text._cleanup_r
                0x0000000000113554        0xc /opt/devkitpro/devkitARM/bin/../lib/gcc/arm-none-eabi/12.2.0/../../../../arm-none-eabi/lib/armv6k/fpu/libg.a(lib_a-findfp.o)
                0x0000000000113554                _cleanup_r
 .text.__sinit  0x0000000000113560      0x184 /opt/devkitpro/devkitARM/bin/../lib/gcc/arm-none-eabi/12.2.0/../../../../arm-none-eabi/lib/armv6k/fpu/libg.a(lib_a-findfp.o)
                0x0000000000113560                __sinit
 .text.__sfp    0x00000000001136e4      0x134 /opt/devkitpro/devkitARM/bin/../lib/gcc/arm-none-eabi/12.2.0/../../../../arm-none-eabi/lib/armv6k/fpu/libg.a(lib_a-findfp.o)
                0x00000000001136e4                __sfp
 .text.__sfp_lock_acquire
                0x0000000000113818        0xc /opt/devkitpro/devkitARM/bin/../lib/gcc/arm-none-eabi/12.2.0/../../../../arm-none-eabi/lib/armv6k/fpu/libg.a(lib_a-findfp.o)
                0x0000000000113818                __sfp_lock_acquire
 .text.__sfp_lock_release
                0x0000000000113824        0xc /opt/devkitpro/devkitARM/bin/../lib/gcc/arm-none-eabi/12.2.0/../../../../arm-none-eabi/lib/armv6k/fpu/libg.a(lib_a-findfp.o)
                0x0000000000113824                __sfp_lock_release
 .text.__libc_fini_array
                0x0000000000113830       0x3c /opt/devkitpro/devkitARM/bin/../lib/gcc/arm-none-eabi/12.2.0/../../../../arm-none-eabi/lib/armv6k/fpu/libg.a(lib_a-fini.o)
                0x0000000000113830                __libc_fini_array
 .text._fopen_r
                0x000000000011386c      0x134 /opt/devkitpro/devkitARM/bin/../lib/gcc/arm-none-eabi/12.2.0/../../../../arm-none-eabi/lib/armv6k/fpu/libg.a(lib_a-fopen.o)
                0x000000000011386c                _fopen_r
 .text.fopen    0x00000000001139a0       0x20 /opt/devkitpro/devkitARM/bin/../lib/gcc/arm-none-eabi/12.2.0/../../../../arm-none-eabi/lib/armv6k/fpu/libg.a(lib_a-fopen.o)
                0x00000000001139a0                fopen
 .text._fread_r
                0x00000000001139c0      0x2d0 /opt/devkitpro/devkitARM/bin/../lib/gcc/arm-none-eabi/12.2.0/../../../../arm-none-eabi/lib/armv6k/fpu/libg.a(lib_a-fread.o)
                0x00000000001139c0                _fread_r
 .text.fread    0x0000000000113c90       0x38 /opt/devkitpro/devkitARM/bin/../lib/gcc/arm-none-eabi/12.2.0/../../../../arm-none-eabi/lib/armv6k/fpu/libg.a(lib_a-fread.o)
                0x0000000000113c90                fread
 .text._malloc_trim_r
                0x0000000000113cc8       0xf8 /opt/devkitpro/devkitARM/bin/../lib/gcc/arm-none-eabi/12.2.0/../../../../arm-none-eabi/lib/armv6k/fpu/libg.a(lib_a-freer.o)
                0x0000000000113cc8                _malloc_trim_r
 .text._free_r  0x0000000000113dc0      0x2e8 /opt/devkitpro/devkitARM/bin/../lib/gcc/arm-none-eabi/12.2.0/../../../../arm-none-eabi/lib/armv6k/fpu/libg.a(lib_a-freer.o)
                0x0000000000113dc0                _free_r
 .text._fseek_r
                0x00000000001140a8       0x1c /opt/devkitpro/devkitARM/bin/../lib/gcc/arm-none-eabi/12.2.0/../../../../arm-none-eabi/lib/armv6k/fpu/libg.a(lib_a-fseek.o)
                0x00000000001140a8                _fseek_r
 .text._fseeko_r
                0x00000000001140c4      0x590 /opt/devkitpro/devkitARM/bin/../lib/gcc/arm-none-eabi/12.2.0/../../../../arm-none-eabi/lib/armv6k/fpu/libg.a(lib_a-fseeko.o)
                0x00000000001140c4                _fseeko_r
 .text._fwalk   0x0000000000114654       0x68 /opt/devkitpro/devkitARM/bin/../lib/gcc/arm-none-eabi/12.2.0/../../../../arm-none-eabi/lib/armv6k/fpu/libg.a(lib_a-fwalk.o)
                0x0000000000114654                _fwalk
 .text._fwalk_reent
                0x00000000001146bc       0x70 /opt/devkitpro/devkitARM/bin/../lib/gcc/arm-none-eabi/12.2.0/../../../../arm-none-eabi/lib/armv6k/fpu/libg.a(lib_a-fwalk.o)
                0x00000000001146bc                _fwalk_reent
 .text.__libc_init_array
                0x000000000011472c       0x84 /opt/devkitpro/devkitARM/bin/../lib/gcc/arm-none-eabi/12.2.0/../../../../arm-none-eabi/lib/armv6k/fpu/libg.a(lib_a-init.o)
                0x000000000011472c                __libc_init_array
 .text.__smakebuf_r
                0x00000000001147b0      0x138 /opt/devkitpro/devkitARM/bin/../lib/gcc/arm-none-eabi/12.2.0/../../../../arm-none-eabi/lib/armv6k/fpu/libg.a(lib_a-makebuf.o)
                0x00000000001147b0                __smakebuf_r
 .text.memalign
                0x00000000001148e8       0x20 /opt/devkitpro/devkitARM/bin/../lib/gcc/arm-none-eabi/12.2.0/../../../../arm-none-eabi/lib/armv6k/fpu/libg.a(lib_a-malign.o)
                0x00000000001148e8                memalign
 .text._memalign_r
                0x0000000000114908      0x14c /opt/devkitpro/devkitARM/bin/../lib/gcc/arm-none-eabi/12.2.0/../../../../arm-none-eabi/lib/armv6k/fpu/libg.a(lib_a-malignr.o)
                0x0000000000114908                _memalign_r
 .text.malloc   0x0000000000114a54       0x18 /opt/devkitpro/devkitARM/bin/../lib/gcc/arm-none-eabi/12.2.0/../../../../arm-none-eabi/lib/armv6k/fpu/libg.a(lib_a-malloc.o)
                0x0000000000114a54                malloc
 .text.free     0x0000000000114a6c       0x18 /opt/devkitpro/devkitARM/bin/../lib/gcc/arm-none-eabi/12.2.0/../../../../arm-none-eabi/lib/armv6k/fpu/libg.a(lib_a-malloc.o)
                0x0000000000114a6c                free
 .text._malloc_r
                0x0000000000114a84      0x7e4 /opt/devkitpro/devkitARM/bin/../lib/gcc/arm-none-eabi/12.2.0/../../../../arm-none-eabi/lib/armv6k/fpu/libg.a(lib_a-mallocr.o)
                0x0000000000114a84                _malloc_r
 .text.memcmp   0x0000000000115268       0xb0 /opt/devkitpro/devkitARM/bin/../lib/gcc/arm-none-eabi/12.2.0/../../../../arm-none-eabi/lib/armv6k/fpu/libg.a(lib_a-memcmp.o)
                0x0000000000115268                memcmp
 .text.memcpy   0x0000000000115318      0x118 /opt/devkitpro/devkitARM/bin/../lib/gcc/arm-none-eabi/12.2.0/../../../../arm-none-eabi/lib/armv6k/fpu/libg.a(lib_a-memcpy-stub.o)
                0x0000000000115318                memcpy
 .text.memset   0x0000000000115430       0xf4 /opt/devkitpro/devkitARM/bin/../lib/gcc/arm-none-eabi/12.2.0/../../../../arm-none-eabi/lib/armv6k/fpu/libg.a(lib_a-memset.o)
                0x0000000000115430                memset
 .text.__malloc_lock
                0x0000000000115524        0xc /opt/devkitpro/devkitARM/bin/../lib/gcc/arm-none-eabi/12.2.0/../../../../arm-none-eabi/lib/armv6k/fpu/libg.a(lib_a-mlock.o)
                0x0000000000115524                __malloc_lock
 .text.__malloc_unlock
                0x0000000000115530        0xc /opt/devkitpro/devkitARM/bin/../lib/gcc/arm-none-eabi/12.2.0/../../../../arm-none-eabi/lib/armv6k/fpu/libg.a(lib_a-mlock.o)
                0x0000000000115530                __malloc_unlock
 .text.lflush   0x000000000011553c       0x1c /opt/devkitpro/devkitARM/bin/../lib/gcc/arm-none-eabi/12.2.0/../../../../arm-none-eabi/lib/armv6k/fpu/libg.a(lib_a-refill.o)
 .text.__srefill_r
                0x0000000000115558      0x198 /opt/devkitpro/devkitARM/bin/../lib/gcc/arm-none-eabi/12.2.0/../../../../arm-none-eabi/lib/armv6k/fpu/libg.a(lib_a-refill.o)
                0x0000000000115558                __srefill_r
 .text.__sread  0x00000000001156f0       0x44 /opt/devkitpro/devkitARM/bin/../lib/gcc/arm-none-eabi/12.2.0/../../../../arm-none-eabi/lib/armv6k/fpu/libg.a(lib_a-stdio.o)
                0x00000000001156f0                __sread
 .text.__swrite
                0x0000000000115734       0x68 /opt/devkitpro/devkitARM/bin/../lib/gcc/arm-none-eabi/12.2.0/../../../../arm-none-eabi/lib/armv6k/fpu/libg.a(lib_a-stdio.o)
                0x0000000000115734                __swrite
 .text.__sseek  0x000000000011579c       0x44 /opt/devkitpro/devkitARM/bin/../lib/gcc/arm-none-eabi/12.2.0/../../../../arm-none-eabi/lib/armv6k/fpu/libg.a(lib_a-stdio.o)
                0x000000000011579c                __sseek
 .text.__sclose
                0x00000000001157e0        0x8 /opt/devkitpro/devkitARM/bin/../lib/gcc/arm-none-eabi/12.2.0/../../../../arm-none-eabi/lib/armv6k/fpu/libg.a(lib_a-stdio.o)
                0x00000000001157e0                __sclose
 .text.strchr   0x00000000001157e8      0x130 /opt/devkitpro/devkitARM/bin/../lib/gcc/arm-none-eabi/12.2.0/../../../../arm-none-eabi/lib/armv6k/fpu/libg.a(lib_a-strchr.o)
                0x00000000001157e8                strchr
 .text.strlen   0x0000000000115918       0x5c /opt/devkitpro/devkitARM/bin/../lib/gcc/arm-none-eabi/12.2.0/../../../../arm-none-eabi/lib/armv6k/fpu/libg.a(lib_a-strlen-stub.o)
                0x0000000000115918                strlen
 .text.strncat  0x0000000000115974       0xe4 /opt/devkitpro/devkitARM/bin/../lib/gcc/arm-none-eabi/12.2.0/../../../../arm-none-eabi/lib/armv6k/fpu/libg.a(lib_a-strncat.o)
                0x0000000000115974                strncat
 .text.strncmp  0x0000000000115a58       0xe4 /opt/devkitpro/devkitARM/bin/../lib/gcc/arm-none-eabi/12.2.0/../../../../arm-none-eabi/lib/armv6k/fpu/libg.a(lib_a-strncmp.o)
                0x0000000000115a58                strncmp
 .text.strncpy  0x0000000000115b3c       0xc4 /opt/devkitpro/devkitARM/bin/../lib/gcc/arm-none-eabi/12.2.0/../../../../arm-none-eabi/lib/armv6k/fpu/libg.a(lib_a-strncpy.o)
                0x0000000000115b3c                strncpy
 .text.strnlen  0x0000000000115c00       0x48 /opt/devkitpro/devkitARM/bin/../lib/gcc/arm-none-eabi/12.2.0/../../../../arm-none-eabi/lib/armv6k/fpu/libg.a(lib_a-strnlen.o)
                0x0000000000115c00                strnlen
 .text._strtoul_l.constprop.0
                0x0000000000115c48      0x1c4 /opt/devkitpro/devkitARM/bin/../lib/gcc/arm-none-eabi/12.2.0/../../../../arm-none-eabi/lib/armv6k/fpu/libg.a(lib_a-strtoul.o)
 .text.strtoul  0x0000000000115e0c       0x28 /opt/devkitpro/devkitARM/bin/../lib/gcc/arm-none-eabi/12.2.0/../../../../arm-none-eabi/lib/armv6k/fpu/libg.a(lib_a-strtoul.o)
                0x0000000000115e0c                strtoul
 .text.time     0x0000000000115e34       0x3c /opt/devkitpro/devkitARM/bin/../lib/gcc/arm-none-eabi/12.2.0/../../../../arm-none-eabi/lib/armv6k/fpu/libg.a(lib_a-time.o)
                0x0000000000115e34                time
 .text.__call_exitprocs
                0x0000000000115e70      0x114 /opt/devkitpro/devkitARM/bin/../lib/gcc/arm-none-eabi/12.2.0/../../../../arm-none-eabi/lib/armv6k/fpu/libg.a(lib_a-__call_atexit.o)
                0x0000000000115e70                __call_exitprocs
 .text.__sflags
                0x0000000000115f84       0xc8 /opt/devkitpro/devkitARM/bin/../lib/gcc/arm-none-eabi/12.2.0/../../../../arm-none-eabi/lib/armv6k/fpu/libg.a(lib_a-flags.o)
                0x0000000000115f84                __sflags
 .text.null_write
                0x000000000011604c        0x8 /opt/devkitpro/devkitARM/bin/../lib/gcc/arm-none-eabi/12.2.0/../../../../arm-none-eabi/lib/armv6k/fpu/libsysbase.a(iosupport.o)
 .text.setDefaultDevice
                0x0000000000116054       0x18 /opt/devkitpro/devkitARM/bin/../lib/gcc/arm-none-eabi/12.2.0/../../../../arm-none-eabi/lib/armv6k/fpu/libsysbase.a(iosupport.o)
                0x0000000000116054                setDefaultDevice
 .text.FindDevice
                0x000000000011606c       0xc8 /opt/devkitpro/devkitARM/bin/../lib/gcc/arm-none-eabi/12.2.0/../../../../arm-none-eabi/lib/armv6k/fpu/libsysbase.a(iosupport.o)
                0x000000000011606c                FindDevice
 .text.RemoveDevice
                0x0000000000116134       0x28 /opt/devkitpro/devkitARM/bin/../lib/gcc/arm-none-eabi/12.2.0/../../../../arm-none-eabi/lib/armv6k/fpu/libsysbase.a(iosupport.o)
                0x0000000000116134                RemoveDevice
 .text.AddDevice
                0x000000000011615c       0x9c /opt/devkitpro/devkitARM/bin/../lib/gcc/arm-none-eabi/12.2.0/../../../../arm-none-eabi/lib/armv6k/fpu/libsysbase.a(iosupport.o)
                0x000000000011615c                AddDevice
 .text.GetDeviceOpTab
                0x00000000001161f8       0x20 /opt/devkitpro/devkitARM/bin/../lib/gcc/arm-none-eabi/12.2.0/../../../../arm-none-eabi/lib/armv6k/fpu/libsysbase.a(iosupport.o)
                0x00000000001161f8                GetDeviceOpTab
 .text._fstat_r
                0x0000000000116218       0x78 /opt/devkitpro/devkitARM/bin/../lib/gcc/arm-none-eabi/12.2.0/../../../../arm-none-eabi/lib/armv6k/fpu/libsysbase.a(fstat.o)
                0x0000000000116218                _fstat_r
 .text._gettimeofday_r
                0x0000000000116290       0x30 /opt/devkitpro/devkitARM/bin/../lib/gcc/arm-none-eabi/12.2.0/../../../../arm-none-eabi/lib/armv6k/fpu/libsysbase.a(gettod.o)
                0x0000000000116290                _gettimeofday_r
 .text._isatty_r
                0x00000000001162c0        0x8 /opt/devkitpro/devkitARM/bin/../lib/gcc/arm-none-eabi/12.2.0/../../../../arm-none-eabi/lib/armv6k/fpu/libsysbase.a(isatty.o)
                0x00000000001162c0                _isatty_r
 .text._lseek_r
                0x00000000001162c8       0x84 /opt/devkitpro/devkitARM/bin/../lib/gcc/arm-none-eabi/12.2.0/../../../../arm-none-eabi/lib/armv6k/fpu/libsysbase.a(lseek.o)
                0x00000000001162c8                _lseek_r
 .text._open_r  0x000000000011634c       0xc0 /opt/devkitpro/devkitARM/bin/../lib/gcc/arm-none-eabi/12.2.0/../../../../arm-none-eabi/lib/armv6k/fpu/libsysbase.a(open.o)
                0x000000000011634c                _open_r
 .text._read_r  0x000000000011640c       0x80 /opt/devkitpro/devkitARM/bin/../lib/gcc/arm-none-eabi/12.2.0/../../../../arm-none-eabi/lib/armv6k/fpu/libsysbase.a(read.o)
                0x000000000011640c                _read_r
 .text._sbrk_r  0x000000000011648c       0x78 /opt/devkitpro/devkitARM/bin/../lib/gcc/arm-none-eabi/12.2.0/../../../../arm-none-eabi/lib/armv6k/fpu/libsysbase.a(sbrk.o)
                0x000000000011648c                _sbrk_r
 .text._write_r
                0x0000000000116504       0x80 /opt/devkitpro/devkitARM/bin/../lib/gcc/arm-none-eabi/12.2.0/../../../../arm-none-eabi/lib/armv6k/fpu/libsysbase.a(write.o)
                0x0000000000116504                _write_r
 .text._exit    0x0000000000116584       0x20 /opt/devkitpro/devkitARM/bin/../lib/gcc/arm-none-eabi/12.2.0/../../../../arm-none-eabi/lib/armv6k/fpu/libsysbase.a(_exit.o)
                0x0000000000116584                _exit
 .text._concatenate_path
                0x00000000001165a4      0x1a4 /opt/devkitpro/devkitARM/bin/../lib/gcc/arm-none-eabi/12.2.0/../../../../arm-none-eabi/lib/armv6k/fpu/libsysbase.a(chdir.o)
                0x00000000001165a4                _concatenate_path
 .text.chdir    0x0000000000116748      0x140 /opt/devkitpro/devkitARM/bin/../lib/gcc/arm-none-eabi/12.2.0/../../../../arm-none-eabi/lib/armv6k/fpu/libsysbase.a(chdir.o)
                0x0000000000116748                chdir
 .text.__flockfile
                0x0000000000116888        0x8 /opt/devkitpro/devkitARM/bin/../lib/gcc/arm-none-eabi/12.2.0/../../../../arm-none-eabi/lib/armv6k/fpu/libsysbase.a(flock.o)
                0x0000000000116888                __flockfile
 .text.__funlockfile
                0x0000000000116890        0x8 /opt/devkitpro/devkitARM/bin/../lib/gcc/arm-none-eabi/12.2.0/../../../../arm-none-eabi/lib/armv6k/fpu/libsysbase.a(flock.o)
                0x0000000000116890                __funlockfile
 .text.__release_handle
                0x0000000000116898       0x8c /opt/devkitpro/devkitARM/bin/../lib/gcc/arm-none-eabi/12.2.0/../../../../arm-none-eabi/lib/armv6k/fpu/libsysbase.a(handle_manager.o)
                0x0000000000116898                __release_handle
 .text.__alloc_handle
                0x0000000000116924       0xb0 /opt/devkitpro/devkitARM/bin/../lib/gcc/arm-none-eabi/12.2.0/../../../../arm-none-eabi/lib/armv6k/fpu/libsysbase.a(handle_manager.o)
                0x0000000000116924                __alloc_handle
 .text.__get_handle
                0x00000000001169d4       0x3c /opt/devkitpro/devkitARM/bin/../lib/gcc/arm-none-eabi/12.2.0/../../../../arm-none-eabi/lib/armv6k/fpu/libsysbase.a(handle_manager.o)
                0x00000000001169d4                __get_handle
 .text._close_r
                0x0000000000116a10       0xf4 /opt/devkitpro/devkitARM/bin/../lib/gcc/arm-none-eabi/12.2.0/../../../../arm-none-eabi/lib/armv6k/fpu/libsysbase.a(handle_manager.o)
                0x0000000000116a10                _close_r
 .text.__getreent
                0x0000000000116b04       0x2c /opt/devkitpro/devkitARM/bin/../lib/gcc/arm-none-eabi/12.2.0/../../../../arm-none-eabi/lib/armv6k/fpu/libsysbase.a(getreent.o)
                0x0000000000116b04                __getreent
 .text.__libc_lock_acquire
                0x0000000000116b30       0x1c /opt/devkitpro/devkitARM/bin/../lib/gcc/arm-none-eabi/12.2.0/../../../../arm-none-eabi/lib/armv6k/fpu/libsysbase.a(syscall_support.o)
                0x0000000000116b30                __libc_lock_acquire
 .text.__libc_lock_release
                0x0000000000116b4c       0x1c /opt/devkitpro/devkitARM/bin/../lib/gcc/arm-none-eabi/12.2.0/../../../../arm-none-eabi/lib/armv6k/fpu/libsysbase.a(syscall_support.o)
                0x0000000000116b4c                __libc_lock_release
 .text.__libc_lock_init_recursive
                0x0000000000116b68       0x1c /opt/devkitpro/devkitARM/bin/../lib/gcc/arm-none-eabi/12.2.0/../../../../arm-none-eabi/lib/armv6k/fpu/libsysbase.a(syscall_support.o)
                0x0000000000116b68                __libc_lock_init_recursive
 .text.__libc_lock_acquire_recursive
                0x0000000000116b84       0x1c /opt/devkitpro/devkitARM/bin/../lib/gcc/arm-none-eabi/12.2.0/../../../../arm-none-eabi/lib/armv6k/fpu/libsysbase.a(syscall_support.o)
                0x0000000000116b84                __libc_lock_acquire_recursive
 .text.__libc_lock_release_recursive
                0x0000000000116ba0       0x1c /opt/devkitpro/devkitARM/bin/../lib/gcc/arm-none-eabi/12.2.0/../../../../arm-none-eabi/lib/armv6k/fpu/libsysbase.a(syscall_support.o)
                0x0000000000116ba0                __libc_lock_release_recursive
 .text.__libc_lock_close_recursive
                0x0000000000116bbc       0x1c /opt/devkitpro/devkitARM/bin/../lib/gcc/arm-none-eabi/12.2.0/../../../../arm-none-eabi/lib/armv6k/fpu/libsysbase.a(syscall_support.o)
                0x0000000000116bbc                __libc_lock_close_recursive
 .text.strrchr  0x0000000000116bd8       0x48 /opt/devkitpro/devkitARM/bin/../lib/gcc/arm-none-eabi/12.2.0/../../../../arm-none-eabi/lib/armv6k/fpu/libg.a(lib_a-strrchr.o)
                0x0000000000116bd8                strrchr
 *(.glue_7)
 .glue_7        0x0000000000116c20        0x0 linker stubs
 *(.glue_7t)
 .glue_7t       0x0000000000116c20        0x0 linker stubs
 *(.stub)
 *(.gnu.warning)
 *(.gnu.linkonce.t*)
                0x0000000000116c20                . = ALIGN (0x4)
 *(.fini)
 .fini          0x0000000000116c20        0xc /opt/devkitpro/devkitARM/bin/../lib/gcc/arm-none-eabi/12.2.0/armv6k/fpu/crti.o
                0x0000000000116c20                _fini
 .fini          0x0000000000116c2c        0xc /opt/devkitpro/devkitARM/bin/../lib/gcc/arm-none-eabi/12.2.0/armv6k/fpu/crtn.o
                0x0000000000116c38                . = ALIGN (0x4)

.vfp11_veneer   0x0000000000116c38        0x0
 .vfp11_veneer  0x0000000000116c38        0x0 linker stubs

.v4_bx          0x0000000000116c38        0x0
 .v4_bx         0x0000000000116c38        0x0 linker stubs

.iplt           0x0000000000116c38        0x0
 .iplt          0x0000000000116c38        0x0 /opt/devkitpro/devkitARM/bin/../lib/gcc/arm-none-eabi/12.2.0/../../../../arm-none-eabi/lib/armv6k/fpu/3dsx_crt0.o
                0x0000000000117000                . = ALIGN (0x1000)

.rodata         0x0000000000117000      0xdbc
 *(.rodata)
 .rodata        0x0000000000117000      0x1b0 main.o
 .rodata        0x00000000001171b0        0xc /opt/devkitpro/libctru/lib/libctru.a(romfs_dev.o)
 .rodata        0x00000000001171bc        0x3 /opt/devkitpro/libctru/lib/libctru.a(apt.o)
 *fill*         0x00000000001171bf        0x1 
 .rodata        0x00000000001171c0        0xc /opt/devkitpro/libctru/lib/libctru.a(archive_dev.o)
 *(.roda)
 *(.rodata.*)
 .rodata.vshader_shbin
                0x00000000001171cc      0x134 vshader.shbin.o
                0x00000000001171cc                vshader_shbin
                0x00000000001172fc                vshader_shbin_end
                0x00000000001172fc                vshader_shbin_size
 .rodata.str1.4
                0x0000000000117300       0x39 main.o
 *fill*         0x0000000000117339        0x3 
 .rodata.CSWTCH.19
                0x000000000011733c       0x38 /opt/devkitpro/libctru/lib/libcitro3d.a(texture.o)
 .rodata.colorFmtSizes
                0x0000000000117374        0x5 /opt/devkitpro/libctru/lib/libcitro3d.a(framebuffer.o)
 *fill*         0x0000000000117379        0x3 
 .rodata.depthFmtSizes
                0x000000000011737c        0x4 /opt/devkitpro/libctru/lib/libcitro3d.a(framebuffer.o)
 .rodata.romfs_dirnext.str1.4
                0x0000000000117380        0x7 /opt/devkitpro/libctru/lib/libctru.a(romfs_dev.o)
 *fill*         0x0000000000117387        0x1 
 .rodata.romfsMountSelf.str1.4
                0x0000000000117388       0x19 /opt/devkitpro/libctru/lib/libctru.a(romfs_dev.o)
 .rodata.str1.4
                0x00000000001173a1       0x19 /opt/devkitpro/libctru/lib/libctru.a(romfs_dev.o)
                                          0x1 (size before relaxing)
 *fill*         0x00000000001173a1        0x3 
 .rodata.romFS_devoptab
                0x00000000001173a4       0x70 /opt/devkitpro/libctru/lib/libctru.a(romfs_dev.o)
 .rodata.gspInit.str1.4
                0x0000000000117414        0x9 /opt/devkitpro/libctru/lib/libctru.a(gspgpu.o)
 *fill*         0x000000000011741d        0x3 
 .rodata.aptSendCommand.str1.4
                0x0000000000117420       0x16 /opt/devkitpro/libctru/lib/libctru.a(apt.o)
 *fill*         0x0000000000117436        0x2 
 .rodata.morton_y.2
                0x0000000000117438        0x8 /opt/devkitpro/libctru/lib/libctru.a(apt.o)
 .rodata.morton_x.3
                0x0000000000117440        0x8 /opt/devkitpro/libctru/lib/libctru.a(apt.o)
 .rodata.s_sleepWakeEvents.4
                0x0000000000117448        0x8 /opt/devkitpro/libctru/lib/libctru.a(apt.o)
 .rodata.hidInit.str1.4
                0x0000000000117450       0x15 /opt/devkitpro/libctru/lib/libctru.a(hid.o)
 *fill*         0x0000000000117465        0x3 
 .rodata.ptmSysmInit.str1.4
                0x0000000000117468        0x9 /opt/devkitpro/libctru/lib/libctru.a(ptmsysm.o)
 *fill*         0x0000000000117471        0x3 
 .rodata.fsInit.str1.4
                0x0000000000117474        0x8 /opt/devkitpro/libctru/lib/libctru.a(fs.o)
 .rodata.__system_initArgv.str1.4